<html>
<body>
<pre>
<h1>µVision Build Log</h1>
<h2>Tool Versions:</h2>
IDE-Version: µVision V5.38.0.0
Copyright (C) 2022 ARM Ltd and ARM Germany GmbH. All rights reserved.
License Information: vu nghf, vugh, LIC=SDA0P-MMDV3-453T5-GY4RB-ZPP1Q-QKZ0Z
 
Tool Versions:
Toolchain:       MDK-ARM Plus  Version: 5.38.0.0
Toolchain Path:  C:\Keil_v5\ARM\ARMCLANG\Bin
C Compiler:      ArmClang.exe V6.19
Assembler:       Armasm.exe V6.19
Linker/Locator:  ArmLink.exe V6.19
Library Manager: ArmAr.exe V6.19
Hex Converter:   FromElf.exe V6.19
CPU DLL:         SARMCM3.DLL V5.38.0.0
Dialog DLL:      DCM.DLL V1.17.5.0
Target DLL:      STLink\ST-LINKIII-KEIL_SWO.dll V3.1.0.0
Dialog DLL:      TCM.DLL V1.56.4.0
 
<h2>Project:</h2>
D:\CODE\STM\SubBoard_STM32_16_Locker\SubBoard_16_IO_STM32.uvprojx
Project File Date:  08/25/2023

<h2>Output:</h2>
*** Using Compiler 'V6.19', folder: 'C:\Keil_v5\ARM\ARMCLANG\Bin'
Rebuild target 'Target 1'
assembling startup_stm32f10x_md.s...
UART.c(2): warning: In file included from...
./UART.h(5): warning: In file included from...
./STM32F1XX.h(12): warning: In file included from...
./CLOCK.h(21): warning: // comments are not allowed in this language [-Wcomment]
//#define APB1_Not_Div
^
UART.c(78): warning: // comments are not allowed in this language [-Wcomment]
  //ReadData = (unsigned char)(USART1->DR & (0xFFu<<0));
  ^
2 warnings generated.
compiling UART.c...
compiling STRING.c...
main.c(2): warning: In file included from...
./STM32F1XX.h(12): warning: In file included from...
./CLOCK.h(21): warning: // comments are not allowed in this language [-Wcomment]
//#define APB1_Not_Div
^
main.c(8): warning: // comments are not allowed in this language [-Wcomment]
        //UART1_MAIN_TEST();
        ^
2 warnings generated.
compiling main.c...
PCF8575.c(2): warning: In file included from...
./PCF8575.h(5): warning: In file included from...
./STM32F1XX.h(12): warning: In file included from...
./CLOCK.h(21): warning: // comments are not allowed in this language [-Wcomment]
//#define APB1_Not_Div
^
PCF8575.c(92): warning: // comments are not allowed in this language [-Wcomment]
        // if( PCF8575_ReadPin(&Pin1,PCF8575_ADDRESS_READ,1)==PCF8575_OK )
        ^
PCF8575.c(90): warning: mixing declarations and code is a C99 extension [-Wdeclaration-after-statement]
        unsigned char Pin1=0;
                      ^
PCF8575.c(81): warning: function 'PCF8575_MAIN_TEST' could be declared with attribute 'noreturn' [-Wmissing-noreturn]
{
^
4 warnings generated.
compiling PCF8575.c...
I2C.c(2): warning: In file included from...
./I2C.h(5): warning: In file included from...
./STM32F1XX.h(12): warning: In file included from...
./CLOCK.h(21): warning: // comments are not allowed in this language [-Wcomment]
//#define APB1_Not_Div
^
I2C.c(37): warning: // comments are not allowed in this language [-Wcomment]
                I2C1->CCR &= ~(1u<<15);                                                                                                         // 1: Fm mode I2C (Fast mode - 400kHz)
                                                                                                                                                ^
I2C.c(97): warning: variable 'temp' set but not used [-Wunused-but-set-variable]
        unsigned int temp=0;
                     ^
I2C.c(473): warning: mixing declarations and code is a C99 extension [-Wdeclaration-after-statement]
        unsigned char data1[10]= {'H','e','l','l','o'};
                      ^
I2C.c(467): warning: no previous prototype for function 'Main_I2C1_Test' [-Wmissing-prototypes]
void Main_I2C1_Test(void)
     ^
I2C.c(467): note: declare 'static' if the function is not intended to be used outside of this translation unit
void Main_I2C1_Test(void)
^
static 
I2C.c(468): warning: function 'Main_I2C1_Test' could be declared with attribute 'noreturn' [-Wmissing-noreturn]
{
^
6 warnings generated.
compiling I2C.c...
NVIC.c(2): warning: In file included from...
./NVIC.h(5): warning: In file included from...
./STM32F1XX.h(12): warning: In file included from...
./CLOCK.h(21): warning: // comments are not allowed in this language [-Wcomment]
//#define APB1_Not_Div
^
NVIC.c(2): warning: In file included from...
./NVIC.h(6): warning: In file included from...
./NVIC_Register.h(21): warning: padding struct 'NVIC_Typedef' with 3 bytes to align 'STIR' [-Wpadded]
  volatile unsigned int STIR;          
                        ^
NVIC.c(25): warning: function 'NVIC_SystemReset' could be declared with attribute 'noreturn' [-Wmissing-noreturn]
{
^
3 warnings generated.
compiling NVIC.c...
TIMER.c(2): warning: In file included from...
./TIMER.h(5): warning: In file included from...
./TIMER_Register.h(5): warning: In file included from...
./STM32F1XX.h(12): warning: In file included from...
./CLOCK.h(21): warning: // comments are not allowed in this language [-Wcomment]
//#define APB1_Not_Div
^
TIMER.c(11): warning: function 'Main_TIM2_BASE' could be declared with attribute 'noreturn' [-Wmissing-noreturn]
{
^
2 warnings generated.
compiling TIMER.c...
CLOCK.c(2): warning: In file included from...
./CLOCK.h(21): warning: // comments are not allowed in this language [-Wcomment]
//#define APB1_Not_Div
^
1 warning generated.
compiling CLOCK.c...
GPIO.c(2): warning: In file included from...
./GPIO.h(5): warning: In file included from...
./STM32F1XX.h(12): warning: In file included from...
./CLOCK.h(21): warning: // comments are not allowed in this language [-Wcomment]
//#define APB1_Not_Div
^
1 warning generated.
compiling GPIO.c...
MAIN_APP.c(5): warning: In file included from...
./MAIN_APP.h(5): warning: In file included from...
./STM32F1XX.h(12): warning: In file included from...
./CLOCK.h(21): warning: // comments are not allowed in this language [-Wcomment]
//#define APB1_Not_Div
^
MAIN_APP.c(145): warning: result of comparison of unsigned expression >= 0 is always true [-Wtautological-unsigned-zero-compare]
                        if( (Buffer_Action[i]>=0) && (Buffer_Action[i]<=9) )
                             ~~~~~~~~~~~~~~~~^ ~
MAIN_APP.c(324): warning: function 'main_app' could be declared with attribute 'noreturn' [-Wmissing-noreturn]
{
^
3 warnings generated.
compiling MAIN_APP.c...
RTE/Device/STM32F103C8/system_stm32f10x.c(64): warning: In file included from...
C:/Users/PC/AppData/Local/Arm/Packs/Keil/STM32F1xx_DFP/2.4.1/Device/Include\stm32f10x.h(18): warning: invalid UTF-8 in comment [-Winvalid-utf8]
  *              - To use or not the peripheral<92>s drivers in application code(i.e. 
                                               ^
C:/Users/PC/AppData/Local/Arm/Packs/Keil/STM32F1xx_DFP/2.4.1/Device/Include\stm32f10x.h(19): warning: invalid UTF-8 in comment [-Winvalid-utf8]
  *                code will be based on direct access to peripheral<92>s registers 
                                                                    ^
C:/Users/PC/AppData/Local/Arm/Packs/Keil/STM32F1xx_DFP/2.4.1/Device/Include\stm32f10x.h(26): warning: invalid UTF-8 in comment [-Winvalid-utf8]
  *           - Macros to access peripheral<92>s registers hardware
                                           ^
RTE/Device/STM32F103C8/system_stm32f10x.c(166): warning: no previous extern declaration for non-static variable 'AHBPrescTable' [-Wmissing-variable-declarations]
__I uint8_t AHBPrescTable[16] = {0, 0, 0, 0, 0, 0, 0, 0, 1, 2, 3, 4, 6, 7, 8, 9};
            ^
RTE/Device/STM32F103C8/system_stm32f10x.c(166): note: declare 'static' if the variable is not intended to be used outside of this translation unit
__I uint8_t AHBPrescTable[16] = {0, 0, 0, 0, 0, 0, 0, 0, 1, 2, 3, 4, 6, 7, 8, 9};
    ^
4 warnings generated.
compiling system_stm32f10x.c...
linking...
Program Size: Code=7848 RO-data=252 RW-data=0 ZI-data=1680  
FromELF: creating hex file...
".\Objects\SubBoard_16_IO_STM32.axf" - 0 Error(s), 28 Warning(s).

<h2>Software Packages used:</h2>

Package Vendor: ARM
                http://www.keil.com/pack/ARM.CMSIS.5.9.0.pack
                ARM.CMSIS.5.9.0
                CMSIS (Common Microcontroller Software Interface Standard)
   * Component: CORE Version: 5.6.0

Package Vendor: Keil
                https://www.keil.com/pack/Keil.STM32F1xx_DFP.2.4.1.pack
                Keil.STM32F1xx_DFP.2.4.1
                STMicroelectronics STM32F1 Series Device Support, Drivers and Examples
   * Component: Startup Version: 1.0.0

<h2>Collection of Component include folders:</h2>
  ./RTE/Device/STM32F103C8
  ./RTE/_Target_1
  C:/Users/PC/AppData/Local/Arm/Packs/ARM/CMSIS/5.9.0/CMSIS/Core/Include
  C:/Users/PC/AppData/Local/Arm/Packs/Keil/STM32F1xx_DFP/2.4.1/Device/Include

<h2>Collection of Component Files used:</h2>

   * Component: ARM::CMSIS:CORE:5.6.0

   * Component: Keil::Device:Startup:1.0.0
      Include file:  RTE_Driver/Config/RTE_Device.h
      Source file:   Device/Source/ARM/startup_stm32f10x_md.s
      Source file:   Device/Source/ARM/STM32F1xx_OPT.s
      Source file:   Device/Source/system_stm32f10x.c
Build Time Elapsed:  00:00:01
</pre>
</body>
</html>
