Component: Arm Compiler for Embedded 6.19 Tool: armlink [5e73cb00]

==============================================================================

Section Cross References

    i2c.o(.text.I2C1_Init) refers to i2c.o(.text.I2C1_SetPin) for I2C1_SetPin
    i2c.o(.text.I2C1_Init) refers to clock.o(.text.I2C1_EnableClock) for I2C1_EnableClock
    i2c.o(.ARM.exidx.text.I2C1_Init) refers to i2c.o(.text.I2C1_Init) for [Anonymous Symbol]
    i2c.o(.text.I2C1_SetPin) refers to clock.o(.text.Enable_Disable_Clock_PortB) for Enable_Disable_Clock_PortB
    i2c.o(.text.I2C1_SetPin) refers to clock.o(.text.Clock_AFIO) for Clock_AFIO
    i2c.o(.text.I2C1_SetPin) refers to gpio.o(.text.SetPinOutput) for SetPinOutput
    i2c.o(.ARM.exidx.text.I2C1_SetPin) refers to i2c.o(.text.I2C1_SetPin) for [Anonymous Symbol]
    i2c.o(.text.I2C1_Check_Device) refers to i2c.o(.text.I2C1_Start) for I2C1_Start
    i2c.o(.text.I2C1_Check_Device) refers to i2c.o(.text.I2C1_SendAdress) for I2C1_SendAdress
    i2c.o(.text.I2C1_Check_Device) refers to i2c.o(.text.I2C1_Stop) for I2C1_Stop
    i2c.o(.ARM.exidx.text.I2C1_Check_Device) refers to i2c.o(.text.I2C1_Check_Device) for [Anonymous Symbol]
    i2c.o(.text.I2C1_Start) refers to timer.o(.bss.Tick_1us) for Tick_1us
    i2c.o(.ARM.exidx.text.I2C1_Start) refers to i2c.o(.text.I2C1_Start) for [Anonymous Symbol]
    i2c.o(.text.I2C1_SendAdress) refers to timer.o(.bss.Tick_1us) for Tick_1us
    i2c.o(.ARM.exidx.text.I2C1_SendAdress) refers to i2c.o(.text.I2C1_SendAdress) for [Anonymous Symbol]
    i2c.o(.text.I2C1_Stop) refers to timer.o(.bss.Tick_1us) for Tick_1us
    i2c.o(.ARM.exidx.text.I2C1_Stop) refers to i2c.o(.text.I2C1_Stop) for [Anonymous Symbol]
    i2c.o(.text.I2C1_SendData) refers to i2c.o(.text.I2C1_Start) for I2C1_Start
    i2c.o(.text.I2C1_SendData) refers to i2c.o(.text.I2C1_SendAdress) for I2C1_SendAdress
    i2c.o(.text.I2C1_SendData) refers to i2c.o(.text.I2C1_Write) for I2C1_Write
    i2c.o(.text.I2C1_SendData) refers to i2c.o(.text.I2C1_Stop) for I2C1_Stop
    i2c.o(.ARM.exidx.text.I2C1_SendData) refers to i2c.o(.text.I2C1_SendData) for [Anonymous Symbol]
    i2c.o(.text.I2C1_Write) refers to timer.o(.bss.Tick_1us) for Tick_1us
    i2c.o(.ARM.exidx.text.I2C1_Write) refers to i2c.o(.text.I2C1_Write) for [Anonymous Symbol]
    i2c.o(.text.I2C1_SendMultiData) refers to i2c.o(.text.I2C1_Start) for I2C1_Start
    i2c.o(.text.I2C1_SendMultiData) refers to i2c.o(.text.I2C1_SendAdress) for I2C1_SendAdress
    i2c.o(.text.I2C1_SendMultiData) refers to i2c.o(.text.I2C1_WriteMultiData) for I2C1_WriteMultiData
    i2c.o(.text.I2C1_SendMultiData) refers to i2c.o(.text.I2C1_Stop) for I2C1_Stop
    i2c.o(.ARM.exidx.text.I2C1_SendMultiData) refers to i2c.o(.text.I2C1_SendMultiData) for [Anonymous Symbol]
    i2c.o(.text.I2C1_WriteMultiData) refers to timer.o(.bss.Tick_1us) for Tick_1us
    i2c.o(.ARM.exidx.text.I2C1_WriteMultiData) refers to i2c.o(.text.I2C1_WriteMultiData) for [Anonymous Symbol]
    i2c.o(.text.I2C1_ReadData) refers to i2c.o(.text.I2C1_Start) for I2C1_Start
    i2c.o(.text.I2C1_ReadData) refers to i2c.o(.text.I2C1_SendAdress) for I2C1_SendAdress
    i2c.o(.text.I2C1_ReadData) refers to i2c.o(.text.I2C1_Read) for I2C1_Read
    i2c.o(.text.I2C1_ReadData) refers to i2c.o(.text.I2C1_Stop) for I2C1_Stop
    i2c.o(.ARM.exidx.text.I2C1_ReadData) refers to i2c.o(.text.I2C1_ReadData) for [Anonymous Symbol]
    i2c.o(.text.I2C1_Read) refers to timer.o(.bss.Tick_1us) for Tick_1us
    i2c.o(.ARM.exidx.text.I2C1_Read) refers to i2c.o(.text.I2C1_Read) for [Anonymous Symbol]
    i2c.o(.text.I2C1_ReadMultiData) refers to i2c.o(.text.I2C1_Start) for I2C1_Start
    i2c.o(.text.I2C1_ReadMultiData) refers to i2c.o(.text.I2C1_SendAdress) for I2C1_SendAdress
    i2c.o(.text.I2C1_ReadMultiData) refers to i2c.o(.text.I2C1_Read) for I2C1_Read
    i2c.o(.text.I2C1_ReadMultiData) refers to i2c.o(.text.I2C1_Stop) for I2C1_Stop
    i2c.o(.ARM.exidx.text.I2C1_ReadMultiData) refers to i2c.o(.text.I2C1_ReadMultiData) for [Anonymous Symbol]
    i2c.o(.text.I2C1_WriteMEM) refers to i2c.o(.text.I2C1_Start) for I2C1_Start
    i2c.o(.text.I2C1_WriteMEM) refers to i2c.o(.text.I2C1_SendAdress) for I2C1_SendAdress
    i2c.o(.text.I2C1_WriteMEM) refers to i2c.o(.text.I2C1_Write) for I2C1_Write
    i2c.o(.text.I2C1_WriteMEM) refers to i2c.o(.text.I2C1_WriteMultiData) for I2C1_WriteMultiData
    i2c.o(.text.I2C1_WriteMEM) refers to i2c.o(.text.I2C1_Stop) for I2C1_Stop
    i2c.o(.ARM.exidx.text.I2C1_WriteMEM) refers to i2c.o(.text.I2C1_WriteMEM) for [Anonymous Symbol]
    i2c.o(.text.I2C1_ReadMEM) refers to i2c.o(.text.I2C1_Start) for I2C1_Start
    i2c.o(.text.I2C1_ReadMEM) refers to i2c.o(.text.I2C1_SendAdress) for I2C1_SendAdress
    i2c.o(.text.I2C1_ReadMEM) refers to i2c.o(.text.I2C1_Write) for I2C1_Write
    i2c.o(.text.I2C1_ReadMEM) refers to i2c.o(.text.I2C1_Stop) for I2C1_Stop
    i2c.o(.text.I2C1_ReadMEM) refers to i2c.o(.text.I2C1_Read) for I2C1_Read
[...]
    main_app.o(.text.Locker_Action) refers to main_app.o(.bss.Buffer_Action) for Buffer_Action
    main_app.o(.ARM.exidx.text.Locker_Action) refers to main_app.o(.text.Locker_Action) for [Anonymous Symbol]
    main_app.o(.text.Config_Switch_Address) refers to clock.o(.text.Enable_Disable_Clock_PortA) for Enable_Disable_Clock_PortA
    main_app.o(.text.Config_Switch_Address) refers to gpio.o(.text.SetPinInput) for SetPinInput
    main_app.o(.ARM.exidx.text.Config_Switch_Address) refers to main_app.o(.text.Config_Switch_Address) for [Anonymous Symbol]
    main_app.o(.text.RS485_Read) refers to uart.o(.bss.UART_BufferRead) for UART_BufferRead
    main_app.o(.text.RS485_Read) refers to main_app.o(.bss.Buffer_Action) for Buffer_Action
    main_app.o(.text.RS485_Read) refers to main_app.o(.bss.Step_Action) for Step_Action
    main_app.o(.text.RS485_Read) refers to string.o(.text.BufferClear) for BufferClear
    main_app.o(.text.RS485_Read) refers to main_app.o(.bss.LOCKER_CONTROL) for LOCKER_CONTROL
    main_app.o(.text.RS485_Read) refers to main_app.o(.text.LinkCharac) for LinkCharac
    main_app.o(.ARM.exidx.text.RS485_Read) refers to main_app.o(.text.RS485_Read) for [Anonymous Symbol]
    main_app.o(.text.Locker_Open) refers to pcf8575.o(.text.PCF8575_WritePin) for PCF8575_WritePin
    main_app.o(.text.Locker_Open) refers to timer.o(.text.Delay_TIM2_ms) for Delay_TIM2_ms
    main_app.o(.ARM.exidx.text.Locker_Open) refers to main_app.o(.text.Locker_Open) for [Anonymous Symbol]
    main_app.o(.text.Locker_GetState) refers to pcf8575.o(.text.PCF8575_ReadPin) for PCF8575_ReadPin
    main_app.o(.ARM.exidx.text.Locker_GetState) refers to main_app.o(.text.Locker_GetState) for [Anonymous Symbol]
    main_app.o(.text.RS485_SendState) refers to main_app.o(.bss.Buffer_Action) for Buffer_Action
    main_app.o(.text.RS485_SendState) refers to main_app.o(.bss.LOCKER_CONTROL) for LOCKER_CONTROL
    main_app.o(.text.RS485_SendState) refers to uart.o(.text.USART1_SendMultiData) for USART1_SendMultiData
    main_app.o(.text.RS485_SendState) refers to timer.o(.text.Delay_TIM2_ms) for Delay_TIM2_ms
    main_app.o(.ARM.exidx.text.RS485_SendState) refers to main_app.o(.text.RS485_SendState) for [Anonymous Symbol]
    main_app.o(.ARM.exidx.text.LinkCharac) refers to main_app.o(.text.LinkCharac) for [Anonymous Symbol]
    main.o(.text.main) refers to main_app.o(.text.main_app) for main_app
    main.o(.ARM.exidx.text.main) refers to main.o(.text.main) for [Anonymous Symbol]
    gpio.o(.text.SetPinInput) refers to gpio.o(.text.SetINPUT) for SetINPUT
    gpio.o(.text.SetPinInput) refers to gpio.o(.text.SetPullUpDown) for SetPullUpDown
    gpio.o(.ARM.exidx.text.SetPinInput) refers to gpio.o(.text.SetPinInput) for [Anonymous Symbol]
    gpio.o(.ARM.exidx.text.SetINPUT) refers to gpio.o(.text.SetINPUT) for [Anonymous Symbol]
    gpio.o(.ARM.exidx.text.SetPullUpDown) refers to gpio.o(.text.SetPullUpDown) for [Anonymous Symbol]
    gpio.o(.text.SetPinOutput) refers to gpio.o(.text.SetOUTPUT) for SetOUTPUT
    gpio.o(.ARM.exidx.text.SetPinOutput) refers to gpio.o(.text.SetPinOutput) for [Anonymous Symbol]
    gpio.o(.ARM.exidx.text.SetOUTPUT) refers to gpio.o(.text.SetOUTPUT) for [Anonymous Symbol]
    gpio.o(.ARM.exidx.text.WritePin) refers to gpio.o(.text.WritePin) for [Anonymous Symbol]
    gpio.o(.ARM.exidx.text.ReadPin) refers to gpio.o(.text.ReadPin) for [Anonymous Symbol]
    gpio.o(.ARM.exidx.text.TogglePin) refers to gpio.o(.text.TogglePin) for [Anonymous Symbol]
    gpio.o(.text.Init_PA8_MCO) refers to clock.o(.text.Enable_Disable_Clock_PortA) for Enable_Disable_Clock_PortA
    gpio.o(.ARM.exidx.text.Init_PA8_MCO) refers to gpio.o(.text.Init_PA8_MCO) for [Anonymous Symbol]
    gpio.o(.text.Blink_LED) refers to gpio.o(.text.WritePin) for WritePin
    gpio.o(.text.Blink_LED) refers to gpio.o(.text.Delay) for Delay
    gpio.o(.ARM.exidx.text.Blink_LED) refers to gpio.o(.text.Blink_LED) for [Anonymous Symbol]
    gpio.o(.ARM.exidx.text.Delay) refers to gpio.o(.text.Delay) for [Anonymous Symbol]
    gpio.o(.text.Button_Led) refers to gpio.o(.text.ReadPin) for ReadPin
    gpio.o(.text.Button_Led) refers to gpio.o(.text.WritePin) for WritePin
    gpio.o(.ARM.exidx.text.Button_Led) refers to gpio.o(.text.Button_Led) for [Anonymous Symbol]
    clock.o(.ARM.exidx.text.InitClockHSE) refers to clock.o(.text.InitClockHSE) for [Anonymous Symbol]
    clock.o(.ARM.exidx.text.Enable_Disable_Clock_PortA) refers to clock.o(.text.Enable_Disable_Clock_PortA) for [Anonymous Symbol]
    clock.o(.ARM.exidx.text.Enable_Disable_Clock_PortB) refers to clock.o(.text.Enable_Disable_Clock_PortB) for [Anonymous Symbol]
    clock.o(.ARM.exidx.text.Enable_Disable_Clock_PortC) refers to clock.o(.text.Enable_Disable_Clock_PortC) for [Anonymous Symbol]
    clock.o(.ARM.exidx.text.Enable_Disable_Clock_PortD) refers to clock.o(.text.Enable_Disable_Clock_PortD) for [Anonymous Symbol]
    clock.o(.ARM.exidx.text.Enable_Disable_Clock_PortE) refers to clock.o(.text.Enable_Disable_Clock_PortE) for [Anonymous Symbol]
    clock.o(.ARM.exidx.text.Enable_Disable_Clock_PortF) refers to clock.o(.text.Enable_Disable_Clock_PortF) for [Anonymous Symbol]
    clock.o(.ARM.exidx.text.Enable_Disable_Clock_PortG) refers to clock.o(.text.Enable_Disable_Clock_PortG) for [Anonymous Symbol]
    clock.o(.ARM.exidx.text.Clock_AFIO) refers to clock.o(.text.Clock_AFIO) for [Anonymous Symbol]
    clock.o(.ARM.exidx.text.Clock_SPI1) refers to clock.o(.text.Clock_SPI1) for [Anonymous Symbol]
    clock.o(.ARM.exidx.text.TIM2_EnableClock) refers to clock.o(.text.TIM2_EnableClock) for [Anonymous Symbol]
    clock.o(.ARM.exidx.text.TIM3_EnableClock) refers to clock.o(.text.TIM3_EnableClock) for [Anonymous Symbol]
    clock.o(.ARM.exidx.text.I2C1_EnableClock) refers to clock.o(.text.I2C1_EnableClock) for [Anonymous Symbol]
    clock.o(.ARM.exidx.text.I2C2_EnableClock) refers to clock.o(.text.I2C2_EnableClock) for [Anonymous Symbol]
    clock.o(.ARM.exidx.text.USART1_EnableClock) refers to clock.o(.text.USART1_EnableClock) for [Anonymous Symbol]
    clock.o(.ARM.exidx.text.USART2_EnableClock) refers to clock.o(.text.USART2_EnableClock) for [Anonymous Symbol]
    clock.o(.ARM.exidx.text.USART3_EnableClock) refers to clock.o(.text.USART3_EnableClock) for [Anonymous Symbol]
    clock.o(.ARM.exidx.text.DMA1_EnableClock) refers to clock.o(.text.DMA1_EnableClock) for [Anonymous Symbol]
    clock.o(.ARM.exidx.text.DMA2_EnableClock) refers to clock.o(.text.DMA2_EnableClock) for [Anonymous Symbol]
    clock.o(.ARM.exidx.text.ADC_EnableClock) refers to clock.o(.text.ADC_EnableClock) for [Anonymous Symbol]
    timer.o(.text.Main_TIM2_BASE) refers to clock.o(.text.InitClockHSE) for InitClockHSE
    timer.o(.text.Main_TIM2_BASE) refers to clock.o(.text.Enable_Disable_Clock_PortC) for Enable_Disable_Clock_PortC
    timer.o(.text.Main_TIM2_BASE) refers to gpio.o(.text.SetPinOutput) for SetPinOutput
    timer.o(.text.Main_TIM2_BASE) refers to gpio.o(.text.WritePin) for WritePin
    timer.o(.text.Main_TIM2_BASE) refers to timer.o(.text.Init_TIM2_Delay) for Init_TIM2_Delay
    timer.o(.text.Main_TIM2_BASE) refers to gpio.o(.text.TogglePin) for TogglePin
    timer.o(.text.Main_TIM2_BASE) refers to timer.o(.text.Delay_TIM2_ms) for Delay_TIM2_ms
    timer.o(.ARM.exidx.text.Main_TIM2_BASE) refers to timer.o(.text.Main_TIM2_BASE) for [Anonymous Symbol]
    timer.o(.text.Init_TIM2_Delay) refers to clock.o(.text.TIM2_EnableClock) for TIM2_EnableClock
    timer.o(.text.Init_TIM2_Delay) refers to nvic.o(.text.NVIC_SetPriority) for NVIC_SetPriority
    timer.o(.text.Init_TIM2_Delay) refers to nvic.o(.text.NVIC_ClearPendingFlag) for NVIC_ClearPendingFlag
    timer.o(.text.Init_TIM2_Delay) refers to nvic.o(.text.NVIC_EnableInterrupt) for NVIC_EnableInterrupt
    timer.o(.ARM.exidx.text.Init_TIM2_Delay) refers to timer.o(.text.Init_TIM2_Delay) for [Anonymous Symbol]
    timer.o(.text.Delay_TIM2_ms) refers to timer.o(.bss.count) for count
    timer.o(.ARM.exidx.text.Delay_TIM2_ms) refers to timer.o(.text.Delay_TIM2_ms) for [Anonymous Symbol]
    timer.o(.text.Delay_TIM2_us) refers to timer.o(.bss.count) for count
    timer.o(.ARM.exidx.text.Delay_TIM2_us) refers to timer.o(.text.Delay_TIM2_us) for [Anonymous Symbol]
    timer.o(.text.TIM2_IRQHandler) refers to timer.o(.bss.Tick_1us) for Tick_1us
    timer.o(.text.TIM2_IRQHandler) refers to timer.o(.bss.count) for count
    timer.o(.ARM.exidx.text.TIM2_IRQHandler) refers to timer.o(.text.TIM2_IRQHandler) for [Anonymous Symbol]
    nvic.o(.ARM.exidx.text.NVIC_EnableInterrupt) refers to nvic.o(.text.NVIC_EnableInterrupt) for [Anonymous Symbol]
    nvic.o(.ARM.exidx.text.NVIC_DisableInterrupt) refers to nvic.o(.text.NVIC_DisableInterrupt) for [Anonymous Symbol]
    nvic.o(.ARM.exidx.text.NVIC_ClearPendingFlag) refers to nvic.o(.text.NVIC_ClearPendingFlag) for [Anonymous Symbol]
    nvic.o(.ARM.exidx.text.NVIC_SetPriority) refers to nvic.o(.text.NVIC_SetPriority) for [Anonymous Symbol]
    nvic.o(.ARM.exidx.text.NVIC_SystemReset) refers to nvic.o(.text.NVIC_SystemReset) for [Anonymous Symbol]
    string.o(.ARM.exidx.text.str_len) refers to string.o(.text.str_len) for [Anonymous Symbol]
    string.o(.ARM.exidx.text.str_cpy) refers to string.o(.text.str_cpy) for [Anonymous Symbol]
    string.o(.text.str_cat) refers to string.o(.text.str_len) for str_len
    string.o(.ARM.exidx.text.str_cat) refers to string.o(.text.str_cat) for [Anonymous Symbol]
    string.o(.text.str_lwr) refers to string.o(.text.str_len) for str_len
    string.o(.ARM.exidx.text.str_lwr) refers to string.o(.text.str_lwr) for [Anonymous Symbol]
    string.o(.text.str_upr) refers to string.o(.text.str_len) for str_len
    string.o(.ARM.exidx.text.str_upr) refers to string.o(.text.str_upr) for [Anonymous Symbol]
    string.o(.ARM.exidx.text.BufferClear) refers to string.o(.text.BufferClear) for [Anonymous Symbol]
    startup_stm32f10x_md.o(STACK) refers (Special) to heapauxi.o(.text) for __use_two_region_memory
    startup_stm32f10x_md.o(HEAP) refers (Special) to heapauxi.o(.text) for __use_two_region_memory
    startup_stm32f10x_md.o(RESET) refers (Special) to heapauxi.o(.text) for __use_two_region_memory
    startup_stm32f10x_md.o(RESET) refers to startup_stm32f10x_md.o(STACK) for __initial_sp
    startup_stm32f10x_md.o(RESET) refers to startup_stm32f10x_md.o(.text) for Reset_Handler
    startup_stm32f10x_md.o(RESET) refers to timer.o(.text.TIM2_IRQHandler) for TIM2_IRQHandler
    startup_stm32f10x_md.o(RESET) refers to uart.o(.text.USART1_IRQHandler) for USART1_IRQHandler
    startup_stm32f10x_md.o(.text) refers (Special) to heapauxi.o(.text) for __use_two_region_memory
    startup_stm32f10x_md.o(.text) refers to system_stm32f10x.o(.text.SystemInit) for SystemInit
    startup_stm32f10x_md.o(.text) refers to __main.o(!!!main) for __main
    startup_stm32f10x_md.o(.text) refers to startup_stm32f10x_md.o(HEAP) for Heap_Mem
    startup_stm32f10x_md.o(.text) refers to startup_stm32f10x_md.o(STACK) for Stack_Mem
    system_stm32f10x.o(.text.SystemInit) refers to system_stm32f10x.o(.text.SetSysClock) for SetSysClock
    system_stm32f10x.o(.ARM.exidx.text.SystemInit) refers to system_stm32f10x.o(.text.SystemInit) for [Anonymous Symbol]
    system_stm32f10x.o(.text.SetSysClock) refers to system_stm32f10x.o(.text.SetSysClockTo72) for SetSysClockTo72
    system_stm32f10x.o(.ARM.exidx.text.SetSysClock) refers to system_stm32f10x.o(.text.SetSysClock) for [Anonymous Symbol]
    system_stm32f10x.o(.text.SystemCoreClockUpdate) refers to system_stm32f10x.o(.data.SystemCoreClock) for SystemCoreClock
    system_stm32f10x.o(.text.SystemCoreClockUpdate) refers to system_stm32f10x.o(.rodata.AHBPrescTable) for AHBPrescTable
    system_stm32f10x.o(.ARM.exidx.text.SystemCoreClockUpdate) refers to system_stm32f10x.o(.text.SystemCoreClockUpdate) for [Anonymous Symbol]
    system_stm32f10x.o(.ARM.exidx.text.SetSysClockTo72) refers to system_stm32f10x.o(.text.SetSysClockTo72) for [Anonymous Symbol]
    __main.o(!!!main) refers to __rtentry.o(.ARM.Collect$$rtentry$$00000000) for __rt_entry
    __rtentry.o(.ARM.Collect$$rtentry$$00000000) refers (Special) to __rtentry2.o(.ARM.Collect$$rtentry$$0000000A) for __rt_entry_li
    __rtentry.o(.ARM.Collect$$rtentry$$00000000) refers (Special) to __rtentry2.o(.ARM.Collect$$rtentry$$0000000D) for __rt_entry_main
    __rtentry.o(.ARM.Collect$$rtentry$$00000000) refers (Special) to __rtentry2.o(.ARM.Collect$$rtentry$$0000000C) for __rt_entry_postli_1
    __rtentry.o(.ARM.Collect$$rtentry$$00000000) refers (Special) to __rtentry2.o(.ARM.Collect$$rtentry$$00000009) for __rt_entry_postsh_1
    __rtentry.o(.ARM.Collect$$rtentry$$00000000) refers (Special) to __rtentry2.o(.ARM.Collect$$rtentry$$00000002) for __rt_entry_presh_1
    __rtentry.o(.ARM.Collect$$rtentry$$00000000) refers (Special) to __rtentry4.o(.ARM.Collect$$rtentry$$00000004) for __rt_entry_sh
    __rtentry2.o(.ARM.Collect$$rtentry$$00000008) refers to boardinit2.o(.text) for _platform_post_stackheap_init
    __rtentry2.o(.ARM.Collect$$rtentry$$0000000A) refers to libinit.o(.ARM.Collect$$libinit$$00000000) for __rt_lib_init
    __rtentry2.o(.ARM.Collect$$rtentry$$0000000B) refers to boardinit3.o(.text) for _platform_post_lib_init
    __rtentry2.o(.ARM.Collect$$rtentry$$0000000D) refers to main.o(.text.main) for main
    __rtentry2.o(.ARM.Collect$$rtentry$$0000000D) refers to exit.o(.text) for exit
    __rtentry2.o(.ARM.exidx) refers to __rtentry2.o(.ARM.Collect$$rtentry$$00000001) for .ARM.Collect$$rtentry$$00000001
    __rtentry2.o(.ARM.exidx) refers to __rtentry2.o(.ARM.Collect$$rtentry$$00000008) for .ARM.Collect$$rtentry$$00000008
    __rtentry2.o(.ARM.exidx) refers to __rtentry2.o(.ARM.Collect$$rtentry$$0000000A) for .ARM.Collect$$rtentry$$0000000A
    __rtentry2.o(.ARM.exidx) refers to __rtentry2.o(.ARM.Collect$$rtentry$$0000000B) for .ARM.Collect$$rtentry$$0000000B
    __rtentry2.o(.ARM.exidx) refers to __rtentry2.o(.ARM.Collect$$rtentry$$0000000D) for .ARM.Collect$$rtentry$$0000000D
    __rtentry4.o(.ARM.Collect$$rtentry$$00000004) refers to sys_stackheap_outer.o(.text) for __user_setup_stackheap
    __rtentry4.o(.ARM.exidx) refers to __rtentry4.o(.ARM.Collect$$rtentry$$00000004) for .ARM.Collect$$rtentry$$00000004
    sys_stackheap_outer.o(.text) refers to libspace.o(.text) for __user_perproc_libspace
    sys_stackheap_outer.o(.text) refers to startup_stm32f10x_md.o(.text) for __user_initial_stackheap
    exit.o(.text) refers to rtexit.o(.ARM.Collect$$rtexit$$00000000) for __rt_exit
    libinit.o(.ARM.Collect$$libinit$$00000000) refers (Special) to libinit2.o(.ARM.Collect$$libinit$$00000030) for __rt_lib_init_alloca_1
    libinit.o(.ARM.Collect$$libinit$$00000000) refers (Special) to libinit2.o(.ARM.Collect$$libinit$$0000002E) for __rt_lib_init_argv_1
    libinit.o(.ARM.Collect$$libinit$$00000000) refers (Special) to libinit2.o(.ARM.Collect$$libinit$$0000001D) for __rt_lib_init_atexit_1
    libinit.o(.ARM.Collect$$libinit$$00000000) refers (Special) to libinit2.o(.ARM.Collect$$libinit$$00000023) for __rt_lib_init_clock_1
    libinit.o(.ARM.Collect$$libinit$$00000000) refers (Special) to libinit2.o(.ARM.Collect$$libinit$$00000034) for __rt_lib_init_cpp_1
    libinit.o(.ARM.Collect$$libinit$$00000000) refers (Special) to libinit2.o(.ARM.Collect$$libinit$$00000032) for __rt_lib_init_exceptions_1
    libinit.o(.ARM.Collect$$libinit$$00000000) refers (Special) to libinit2.o(.ARM.Collect$$libinit$$00000002) for __rt_lib_init_fp_1
    libinit.o(.ARM.Collect$$libinit$$00000000) refers (Special) to libinit2.o(.ARM.Collect$$libinit$$00000021) for __rt_lib_init_fp_trap_1
    libinit.o(.ARM.Collect$$libinit$$00000000) refers (Special) to libinit2.o(.ARM.Collect$$libinit$$00000025) for __rt_lib_init_getenv_1
    libinit.o(.ARM.Collect$$libinit$$00000000) refers (Special) to libinit2.o(.ARM.Collect$$libinit$$0000000C) for __rt_lib_init_heap_1
    libinit.o(.ARM.Collect$$libinit$$00000000) refers (Special) to libinit2.o(.ARM.Collect$$libinit$$00000013) for __rt_lib_init_lc_collate_1
    libinit.o(.ARM.Collect$$libinit$$00000000) refers (Special) to libinit2.o(.ARM.Collect$$libinit$$00000015) for __rt_lib_init_lc_ctype_1
    libinit.o(.ARM.Collect$$libinit$$00000000) refers (Special) to libinit2.o(.ARM.Collect$$libinit$$00000017) for __rt_lib_init_lc_monetary_1
    libinit.o(.ARM.Collect$$libinit$$00000000) refers (Special) to libinit2.o(.ARM.Collect$$libinit$$00000019) for __rt_lib_init_lc_numeric_1
    libinit.o(.ARM.Collect$$libinit$$00000000) refers (Special) to libinit2.o(.ARM.Collect$$libinit$$0000001B) for __rt_lib_init_lc_time_1
    libinit.o(.ARM.Collect$$libinit$$00000000) refers (Special) to libinit2.o(.ARM.Collect$$libinit$$00000006) for __rt_lib_init_preinit_1
    libinit.o(.ARM.Collect$$libinit$$00000000) refers (Special) to libinit2.o(.ARM.Collect$$libinit$$00000010) for __rt_lib_init_rand_1
    libinit.o(.ARM.Collect$$libinit$$00000000) refers (Special) to libinit2.o(.ARM.Collect$$libinit$$00000004) for __rt_lib_init_relocate_pie_1
    libinit.o(.ARM.Collect$$libinit$$00000000) refers (Special) to libinit2.o(.ARM.Collect$$libinit$$00000035) for __rt_lib_init_return
    libinit.o(.ARM.Collect$$libinit$$00000000) refers (Special) to libinit2.o(.ARM.Collect$$libinit$$0000001F) for __rt_lib_init_signal_1
    libinit.o(.ARM.Collect$$libinit$$00000000) refers (Special) to libinit2.o(.ARM.Collect$$libinit$$00000027) for __rt_lib_init_stdio_1
    libinit.o(.ARM.Collect$$libinit$$00000000) refers (Special) to libinit2.o(.ARM.Collect$$libinit$$0000000E) for __rt_lib_init_user_alloc_1
    libspace.o(.text) refers to libspace.o(.bss) for __libspace_start
    rtexit.o(.ARM.Collect$$rtexit$$00000000) refers (Special) to rtexit2.o(.ARM.Collect$$rtexit$$00000004) for __rt_exit_exit
    rtexit.o(.ARM.Collect$$rtexit$$00000000) refers (Special) to rtexit2.o(.ARM.Collect$$rtexit$$00000003) for __rt_exit_ls
    rtexit.o(.ARM.Collect$$rtexit$$00000000) refers (Special) to rtexit2.o(.ARM.Collect$$rtexit$$00000002) for __rt_exit_prels_1
    rtexit.o(.ARM.exidx) refers (Special) to rtexit2.o(.ARM.Collect$$rtexit$$00000004) for __rt_exit_exit
    rtexit.o(.ARM.exidx) refers (Special) to rtexit2.o(.ARM.Collect$$rtexit$$00000003) for __rt_exit_ls
    rtexit.o(.ARM.exidx) refers (Special) to rtexit2.o(.ARM.Collect$$rtexit$$00000002) for __rt_exit_prels_1
    rtexit.o(.ARM.exidx) refers to rtexit.o(.ARM.Collect$$rtexit$$00000000) for .ARM.Collect$$rtexit$$00000000
    libinit2.o(.ARM.Collect$$libinit$$00000012) refers to libinit2.o(.ARM.Collect$$libinit$$00000011) for .ARM.Collect$$libinit$$00000011
    libinit2.o(.ARM.Collect$$libinit$$00000014) refers to libinit2.o(.ARM.Collect$$libinit$$00000011) for .ARM.Collect$$libinit$$00000011
    libinit2.o(.ARM.Collect$$libinit$$00000016) refers to libinit2.o(.ARM.Collect$$libinit$$00000011) for .ARM.Collect$$libinit$$00000011
    libinit2.o(.ARM.Collect$$libinit$$00000018) refers to libinit2.o(.ARM.Collect$$libinit$$00000011) for .ARM.Collect$$libinit$$00000011
    libinit2.o(.ARM.Collect$$libinit$$0000001A) refers to libinit2.o(.ARM.Collect$$libinit$$00000011) for .ARM.Collect$$libinit$$00000011
    libinit2.o(.ARM.Collect$$libinit$$00000028) refers to argv_veneer.o(.emb_text) for __ARM_argv_veneer
    libinit2.o(.ARM.Collect$$libinit$$00000029) refers to argv_veneer.o(.emb_text) for __ARM_argv_veneer
    rtexit2.o(.ARM.Collect$$rtexit$$00000003) refers to libshutdown.o(.ARM.Collect$$libshutdown$$00000000) for __rt_lib_shutdown
    rtexit2.o(.ARM.Collect$$rtexit$$00000004) refers to sys_exit.o(.text) for _sys_exit
    rtexit2.o(.ARM.exidx) refers to rtexit2.o(.ARM.Collect$$rtexit$$00000001) for .ARM.Collect$$rtexit$$00000001
    rtexit2.o(.ARM.exidx) refers to rtexit2.o(.ARM.Collect$$rtexit$$00000003) for .ARM.Collect$$rtexit$$00000003
    rtexit2.o(.ARM.exidx) refers to rtexit2.o(.ARM.Collect$$rtexit$$00000004) for .ARM.Collect$$rtexit$$00000004
    argv_veneer.o(.emb_text) refers to no_argv.o(.text) for __ARM_get_argv
    sys_exit.o(.text) refers (Special) to use_no_semi.o(.text) for __I$use$semihosting
    sys_exit.o(.text) refers (Special) to indicate_semi.o(.text) for __semihosting_library_function
    sys_exit_hlt.o(.text) refers (Special) to use_no_semi.o(.text) for __I$use$semihosting
    sys_exit_hlt.o(.text) refers (Special) to indicate_semi.o(.text) for __semihosting_library_function
    _get_argv_nomalloc.o(.text) refers (Special) to hrguard.o(.text) for __heap_region$guard
    _get_argv_nomalloc.o(.text) refers to defsig_rtmem_outer.o(.text) for __rt_SIGRTMEM
    _get_argv_nomalloc.o(.text) refers to sys_command.o(.text) for _sys_command_string
    libshutdown.o(.ARM.Collect$$libshutdown$$00000000) refers (Special) to libshutdown2.o(.ARM.Collect$$libshutdown$$00000002) for __rt_lib_shutdown_cpp_1
    libshutdown.o(.ARM.Collect$$libshutdown$$00000000) refers (Special) to libshutdown2.o(.ARM.Collect$$libshutdown$$00000007) for __rt_lib_shutdown_fp_trap_1
    libshutdown.o(.ARM.Collect$$libshutdown$$00000000) refers (Special) to libshutdown2.o(.ARM.Collect$$libshutdown$$0000000F) for __rt_lib_shutdown_heap_1
    libshutdown.o(.ARM.Collect$$libshutdown$$00000000) refers (Special) to libshutdown2.o(.ARM.Collect$$libshutdown$$00000010) for __rt_lib_shutdown_return
    libshutdown.o(.ARM.Collect$$libshutdown$$00000000) refers (Special) to libshutdown2.o(.ARM.Collect$$libshutdown$$0000000A) for __rt_lib_shutdown_signal_1
    libshutdown.o(.ARM.Collect$$libshutdown$$00000000) refers (Special) to libshutdown2.o(.ARM.Collect$$libshutdown$$00000004) for __rt_lib_shutdown_stdio_1
    libshutdown.o(.ARM.Collect$$libshutdown$$00000000) refers (Special) to libshutdown2.o(.ARM.Collect$$libshutdown$$0000000C) for __rt_lib_shutdown_user_alloc_1
    sys_command.o(.text) refers (Special) to use_no_semi.o(.text) for __I$use$semihosting
    sys_command.o(.text) refers (Special) to indicate_semi.o(.text) for __semihosting_library_function
    sys_command_hlt.o(.text) refers (Special) to use_no_semi.o(.text) for __I$use$semihosting
    sys_command_hlt.o(.text) refers (Special) to indicate_semi.o(.text) for __semihosting_library_function
    defsig_rtmem_outer.o(.text) refers to defsig_rtmem_inner.o(.text) for __rt_SIGRTMEM_inner
    defsig_rtmem_outer.o(.text) refers to defsig_exit.o(.text) for __sig_exit
    defsig_rtmem_formal.o(.text) refers to rt_raise.o(.text) for __rt_raise
    rt_raise.o(.text) refers to __raise.o(.text) for __raise
    rt_raise.o(.text) refers to sys_exit.o(.text) for _sys_exit
    defsig_exit.o(.text) refers to sys_exit.o(.text) for _sys_exit
    defsig_rtmem_inner.o(.text) refers to defsig_general.o(.text) for __default_signal_display
    __raise.o(.text) refers to defsig.o(CL$$defsig) for __default_signal_handler
    defsig_general.o(.text) refers to sys_wrch.o(.text) for _ttywrch
    sys_wrch.o(.text) refers (Special) to use_no_semi.o(.text) for __I$use$semihosting
    sys_wrch.o(.text) refers (Special) to indicate_semi.o(.text) for __semihosting_library_function
    sys_wrch_hlt.o(.text) refers (Special) to use_no_semi.o(.text) for __I$use$semihosting
    sys_wrch_hlt.o(.text) refers (Special) to indicate_semi.o(.text) for __semihosting_library_function
    defsig.o(CL$$defsig) refers to defsig_rtmem_inner.o(.text) for __rt_SIGRTMEM_inner
    defsig_abrt_inner.o(.text) refers to defsig_general.o(.text) for __default_signal_display
    defsig_fpe_inner.o(.text) refers to defsig_general.o(.text) for __default_signal_display
    defsig_rtred_inner.o(.text) refers to defsig_general.o(.text) for __default_signal_display
    defsig_stak_inner.o(.text) refers to defsig_general.o(.text) for __default_signal_display
    defsig_pvfn_inner.o(.text) refers to defsig_general.o(.text) for __default_signal_display
    defsig_cppl_inner.o(.text) refers to defsig_general.o(.text) for __default_signal_display
    defsig_segv_inner.o(.text) refers to defsig_general.o(.text) for __default_signal_display
    defsig_other.o(.text) refers to defsig_general.o(.text) for __default_signal_display


==============================================================================

Removing Unused input sections from the image.

    Removing i2c.o(.text), (0 bytes).
    Removing i2c.o(.ARM.exidx.text.I2C1_Init), (8 bytes).
    Removing i2c.o(.ARM.exidx.text.I2C1_SetPin), (8 bytes).
    Removing i2c.o(.ARM.exidx.text.I2C1_Check_Device), (8 bytes).
    Removing i2c.o(.ARM.exidx.text.I2C1_Start), (8 bytes).
    Removing i2c.o(.ARM.exidx.text.I2C1_SendAdress), (8 bytes).
    Removing i2c.o(.ARM.exidx.text.I2C1_Stop), (8 bytes).
    Removing i2c.o(.text.I2C1_SendData), (108 bytes).
    Removing i2c.o(.ARM.exidx.text.I2C1_SendData), (8 bytes).
    Removing i2c.o(.text.I2C1_Write), (174 bytes).
    Removing i2c.o(.ARM.exidx.text.I2C1_Write), (8 bytes).
    Removing i2c.o(.ARM.exidx.text.I2C1_SendMultiData), (8 bytes).
    Removing i2c.o(.ARM.exidx.text.I2C1_WriteMultiData), (8 bytes).
    Removing i2c.o(.text.I2C1_ReadData), (124 bytes).
    Removing i2c.o(.ARM.exidx.text.I2C1_ReadData), (8 bytes).
    Removing i2c.o(.ARM.exidx.text.I2C1_Read), (8 bytes).
    Removing i2c.o(.ARM.exidx.text.I2C1_ReadMultiData), (8 bytes).
    Removing i2c.o(.text.I2C1_WriteMEM), (138 bytes).
    Removing i2c.o(.ARM.exidx.text.I2C1_WriteMEM), (8 bytes).
    Removing i2c.o(.text.I2C1_ReadMEM), (264 bytes).
    Removing i2c.o(.ARM.exidx.text.I2C1_ReadMEM), (8 bytes).
    Removing uart.o(.text), (0 bytes).
    Removing uart.o(.ARM.exidx.text.USART1_SendData), (8 bytes).
    Removing uart.o(.ARM.exidx.text.USART1_SendMultiData), (8 bytes).
    Removing uart.o(.ARM.exidx.text.USART1_Setup), (8 bytes).
    Removing uart.o(.ARM.exidx.text.Setup_GPIO_PA9TX_PA10RX), (8 bytes).
    Removing uart.o(.ARM.exidx.text.USART1_IRQHandler), (8 bytes).
    Removing pcf8575.o(.text), (0 bytes).
    Removing pcf8575.o(.ARM.exidx.text.PCF8575_WritePin), (8 bytes).
    Removing pcf8575.o(.ARM.exidx.text.PCF8575_WriteALL), (8 bytes).
    Removing pcf8575.o(.ARM.exidx.text.PCF8575_ReadPin), (8 bytes).
    Removing main_app.o(.text), (0 bytes).
    Removing main_app.o(.ARM.exidx.text.main_app), (8 bytes).
    Removing main_app.o(.ARM.exidx.text.MAIN_INIT), (8 bytes).
    Removing main_app.o(.ARM.exidx.text.Get_Board_Address), (8 bytes).
    Removing main_app.o(.ARM.exidx.text.RS485_SendERR), (8 bytes).
    Removing main_app.o(.ARM.exidx.text.Locker_Action), (8 bytes).
    Removing main_app.o(.ARM.exidx.text.Config_Switch_Address), (8 bytes).
    Removing main_app.o(.ARM.exidx.text.RS485_Read), (8 bytes).
    Removing main_app.o(.ARM.exidx.text.Locker_Open), (8 bytes).
    Removing main_app.o(.ARM.exidx.text.Locker_GetState), (8 bytes).
    Removing main_app.o(.ARM.exidx.text.RS485_SendState), (8 bytes).
    Removing main_app.o(.ARM.exidx.text.LinkCharac), (8 bytes).
    Removing main.o(.text), (0 bytes).
    Removing main.o(.ARM.exidx.text.main), (8 bytes).
    Removing main.o(.ARM.use_no_argv), (4 bytes).
    Removing gpio.o(.text), (0 bytes).
    Removing gpio.o(.ARM.exidx.text.SetPinInput), (8 bytes).
    Removing gpio.o(.ARM.exidx.text.SetINPUT), (8 bytes).
    Removing gpio.o(.ARM.exidx.text.SetPullUpDown), (8 bytes).
    Removing gpio.o(.ARM.exidx.text.SetPinOutput), (8 bytes).
    Removing gpio.o(.ARM.exidx.text.SetOUTPUT), (8 bytes).
    Removing gpio.o(.text.WritePin), (532 bytes).
    Removing gpio.o(.ARM.exidx.text.WritePin), (8 bytes).
    Removing gpio.o(.ARM.exidx.text.ReadPin), (8 bytes).
    Removing gpio.o(.text.TogglePin), (264 bytes).
    Removing gpio.o(.ARM.exidx.text.TogglePin), (8 bytes).
    Removing gpio.o(.text.Init_PA8_MCO), (50 bytes).
    Removing gpio.o(.ARM.exidx.text.Init_PA8_MCO), (8 bytes).
    Removing gpio.o(.text.Blink_LED), (48 bytes).
    Removing gpio.o(.ARM.exidx.text.Blink_LED), (8 bytes).
    Removing gpio.o(.text.Delay), (64 bytes).
    Removing gpio.o(.ARM.exidx.text.Delay), (8 bytes).
    Removing gpio.o(.text.Button_Led), (40 bytes).
    Removing gpio.o(.ARM.exidx.text.Button_Led), (8 bytes).
    Removing clock.o(.text), (0 bytes).
    Removing clock.o(.ARM.exidx.text.InitClockHSE), (8 bytes).
    Removing clock.o(.ARM.exidx.text.Enable_Disable_Clock_PortA), (8 bytes).
    Removing clock.o(.ARM.exidx.text.Enable_Disable_Clock_PortB), (8 bytes).
    Removing clock.o(.text.Enable_Disable_Clock_PortC), (56 bytes).
    Removing clock.o(.ARM.exidx.text.Enable_Disable_Clock_PortC), (8 bytes).
    Removing clock.o(.text.Enable_Disable_Clock_PortD), (56 bytes).
    Removing clock.o(.ARM.exidx.text.Enable_Disable_Clock_PortD), (8 bytes).
    Removing clock.o(.text.Enable_Disable_Clock_PortE), (56 bytes).
    Removing clock.o(.ARM.exidx.text.Enable_Disable_Clock_PortE), (8 bytes).
    Removing clock.o(.text.Enable_Disable_Clock_PortF), (56 bytes).
    Removing clock.o(.ARM.exidx.text.Enable_Disable_Clock_PortF), (8 bytes).
    Removing clock.o(.text.Enable_Disable_Clock_PortG), (56 bytes).
    Removing clock.o(.ARM.exidx.text.Enable_Disable_Clock_PortG), (8 bytes).
    Removing clock.o(.ARM.exidx.text.Clock_AFIO), (8 bytes).
    Removing clock.o(.text.Clock_SPI1), (56 bytes).
    Removing clock.o(.ARM.exidx.text.Clock_SPI1), (8 bytes).
    Removing clock.o(.ARM.exidx.text.TIM2_EnableClock), (8 bytes).
    Removing clock.o(.text.TIM3_EnableClock), (56 bytes).
    Removing clock.o(.ARM.exidx.text.TIM3_EnableClock), (8 bytes).
    Removing clock.o(.ARM.exidx.text.I2C1_EnableClock), (8 bytes).
    Removing clock.o(.text.I2C2_EnableClock), (56 bytes).
    Removing clock.o(.ARM.exidx.text.I2C2_EnableClock), (8 bytes).
    Removing clock.o(.ARM.exidx.text.USART1_EnableClock), (8 bytes).
    Removing clock.o(.text.USART2_EnableClock), (56 bytes).
    Removing clock.o(.ARM.exidx.text.USART2_EnableClock), (8 bytes).
    Removing clock.o(.text.USART3_EnableClock), (56 bytes).
    Removing clock.o(.ARM.exidx.text.USART3_EnableClock), (8 bytes).
    Removing clock.o(.text.DMA1_EnableClock), (56 bytes).
    Removing clock.o(.ARM.exidx.text.DMA1_EnableClock), (8 bytes).
    Removing clock.o(.text.DMA2_EnableClock), (56 bytes).
    Removing clock.o(.ARM.exidx.text.DMA2_EnableClock), (8 bytes).
    Removing clock.o(.text.ADC_EnableClock), (306 bytes).
    Removing clock.o(.ARM.exidx.text.ADC_EnableClock), (8 bytes).
    Removing timer.o(.text), (0 bytes).
    Removing timer.o(.text.Main_TIM2_BASE), (62 bytes).
    Removing timer.o(.ARM.exidx.text.Main_TIM2_BASE), (8 bytes).
    Removing timer.o(.ARM.exidx.text.Init_TIM2_Delay), (8 bytes).
    Removing timer.o(.ARM.exidx.text.Delay_TIM2_ms), (8 bytes).
    Removing timer.o(.text.Delay_TIM2_us), (44 bytes).
    Removing timer.o(.ARM.exidx.text.Delay_TIM2_us), (8 bytes).
    Removing timer.o(.ARM.exidx.text.TIM2_IRQHandler), (8 bytes).
    Removing nvic.o(.text), (0 bytes).
    Removing nvic.o(.ARM.exidx.text.NVIC_EnableInterrupt), (8 bytes).
    Removing nvic.o(.text.NVIC_DisableInterrupt), (50 bytes).
    Removing nvic.o(.ARM.exidx.text.NVIC_DisableInterrupt), (8 bytes).
    Removing nvic.o(.ARM.exidx.text.NVIC_ClearPendingFlag), (8 bytes).
    Removing nvic.o(.ARM.exidx.text.NVIC_SetPriority), (8 bytes).
    Removing nvic.o(.ARM.exidx.text.NVIC_SystemReset), (8 bytes).
    Removing string.o(.text), (0 bytes).
    Removing string.o(.text.str_len), (48 bytes).
    Removing string.o(.ARM.exidx.text.str_len), (8 bytes).
    Removing string.o(.text.str_cpy), (54 bytes).
    Removing string.o(.ARM.exidx.text.str_cpy), (8 bytes).
    Removing string.o(.text.str_cat), (88 bytes).
    Removing string.o(.ARM.exidx.text.str_cat), (8 bytes).
    Removing string.o(.text.str_lwr), (86 bytes).
    Removing string.o(.ARM.exidx.text.str_lwr), (8 bytes).
    Removing string.o(.text.str_upr), (86 bytes).
    Removing string.o(.ARM.exidx.text.str_upr), (8 bytes).
    Removing string.o(.ARM.exidx.text.BufferClear), (8 bytes).
    Removing system_stm32f10x.o(.text), (0 bytes).
    Removing system_stm32f10x.o(.ARM.exidx.text.SystemInit), (8 bytes).
    Removing system_stm32f10x.o(.ARM.exidx.text.SetSysClock), (8 bytes).
    Removing system_stm32f10x.o(.text.SystemCoreClockUpdate), (290 bytes).
    Removing system_stm32f10x.o(.ARM.exidx.text.SystemCoreClockUpdate), (8 bytes).
    Removing system_stm32f10x.o(.ARM.exidx.text.SetSysClockTo72), (8 bytes).
    Removing system_stm32f10x.o(.data.SystemCoreClock), (4 bytes).
    Removing system_stm32f10x.o(.rodata.AHBPrescTable), (16 bytes).

134 unused section(s) (total 4312 bytes) removed from the image.

==============================================================================

Image Symbol Table

    Local Symbols

    Symbol Name                              Value     Ov Type        Size  Object(Section)

    ../clib/angel/boardlib.s                 0x00000000   Number         0  boardinit1.o ABSOLUTE
    ../clib/angel/boardlib.s                 0x00000000   Number         0  boardinit2.o ABSOLUTE
    ../clib/angel/boardlib.s                 0x00000000   Number         0  boardinit3.o ABSOLUTE
    ../clib/angel/boardlib.s                 0x00000000   Number         0  boardshut.o ABSOLUTE
    ../clib/angel/handlers.s                 0x00000000   Number         0  __scatter_zi.o ABSOLUTE
    ../clib/angel/kernel.s                   0x00000000   Number         0  __rtentry.o ABSOLUTE
    ../clib/angel/kernel.s                   0x00000000   Number         0  __rtentry2.o ABSOLUTE
    ../clib/angel/kernel.s                   0x00000000   Number         0  __rtentry4.o ABSOLUTE
    ../clib/angel/kernel.s                   0x00000000   Number         0  rtexit.o ABSOLUTE
    ../clib/angel/kernel.s                   0x00000000   Number         0  rtexit2.o ABSOLUTE
    ../clib/angel/rt.s                       0x00000000   Number         0  rt_raise.o ABSOLUTE
    ../clib/angel/scatter.s                  0x00000000   Number         0  __scatter.o ABSOLUTE
    ../clib/angel/startup.s                  0x00000000   Number         0  __main.o ABSOLUTE
    ../clib/angel/sys.s                      0x00000000   Number         0  sys_stackheap_outer.o ABSOLUTE
    ../clib/angel/sys.s                      0x00000000   Number         0  libspace.o ABSOLUTE
    ../clib/angel/sys.s                      0x00000000   Number         0  use_no_semi.o ABSOLUTE
    ../clib/angel/sys.s                      0x00000000   Number         0  indicate_semi.o ABSOLUTE
    ../clib/angel/sysapp.c                   0x00000000   Number         0  sys_exit.o ABSOLUTE
    ../clib/angel/sysapp.c                   0x00000000   Number         0  sys_exit_hlt.o ABSOLUTE
    ../clib/angel/sysapp.c                   0x00000000   Number         0  sys_command.o ABSOLUTE
    ../clib/angel/sysapp.c                   0x00000000   Number         0  sys_command_hlt.o ABSOLUTE
    ../clib/angel/sysapp.c                   0x00000000   Number         0  sys_wrch.o ABSOLUTE
    ../clib/angel/sysapp.c                   0x00000000   Number         0  sys_wrch_hlt.o ABSOLUTE
    ../clib/armsys.c                         0x00000000   Number         0  argv_veneer.o ABSOLUTE
    ../clib/armsys.c                         0x00000000   Number         0  argv_veneer.o ABSOLUTE
    ../clib/armsys.c                         0x00000000   Number         0  _get_argv_nomalloc.o ABSOLUTE
    ../clib/armsys.c                         0x00000000   Number         0  no_argv.o ABSOLUTE
    ../clib/heapalloc.c                      0x00000000   Number         0  hrguard.o ABSOLUTE
    ../clib/heapaux.c                        0x00000000   Number         0  heapauxi.o ABSOLUTE
    ../clib/libinit.s                        0x00000000   Number         0  libinit.o ABSOLUTE
    ../clib/libinit.s                        0x00000000   Number         0  libinit2.o ABSOLUTE
    ../clib/libinit.s                        0x00000000   Number         0  libshutdown.o ABSOLUTE
    ../clib/libinit.s                        0x00000000   Number         0  libshutdown2.o ABSOLUTE
    ../clib/signal.c                         0x00000000   Number         0  defsig_rtmem_outer.o ABSOLUTE
    ../clib/signal.c                         0x00000000   Number         0  defsig_rtmem_formal.o ABSOLUTE
    ../clib/signal.c                         0x00000000   Number         0  defsig_exit.o ABSOLUTE
    ../clib/signal.c                         0x00000000   Number         0  defsig_rtmem_inner.o ABSOLUTE
    ../clib/signal.c                         0x00000000   Number         0  __raise.o ABSOLUTE
    ../clib/signal.c                         0x00000000   Number         0  defsig_general.o ABSOLUTE
    ../clib/signal.c                         0x00000000   Number         0  defsig_abrt_inner.o ABSOLUTE
    ../clib/signal.c                         0x00000000   Number         0  defsig_fpe_inner.o ABSOLUTE
    ../clib/signal.c                         0x00000000   Number         0  defsig_rtred_inner.o ABSOLUTE
    ../clib/signal.c                         0x00000000   Number         0  defsig_stak_inner.o ABSOLUTE
    ../clib/signal.c                         0x00000000   Number         0  defsig_pvfn_inner.o ABSOLUTE
    ../clib/signal.c                         0x00000000   Number         0  defsig_cppl_inner.o ABSOLUTE
    ../clib/signal.c                         0x00000000   Number         0  defsig_segv_inner.o ABSOLUTE
    ../clib/signal.c                         0x00000000   Number         0  defsig_other.o ABSOLUTE
    ../clib/signal.s                         0x00000000   Number         0  defsig.o ABSOLUTE
    ../clib/stdlib.c                         0x00000000   Number         0  exit.o ABSOLUTE
    ../fplib/fpinit.s                        0x00000000   Number         0  fpinit.o ABSOLUTE
    ../fplib/fpinit_empty.s                  0x00000000   Number         0  fpinit_empty.o ABSOLUTE
    CLOCK.c                                  0x00000000   Number         0  clock.o ABSOLUTE
    GPIO.c                                   0x00000000   Number         0  gpio.o ABSOLUTE
    I2C.c                                    0x00000000   Number         0  i2c.o ABSOLUTE
    MAIN_APP.c                               0x00000000   Number         0  main_app.o ABSOLUTE
    NVIC.c                                   0x00000000   Number         0  nvic.o ABSOLUTE
    PCF8575.c                                0x00000000   Number         0  pcf8575.o ABSOLUTE
    RTE/Device/STM32F103C8/startup_stm32f10x_md.s 0x00000000   Number         0  startup_stm32f10x_md.o ABSOLUTE
    STRING.c                                 0x00000000   Number         0  string.o ABSOLUTE
    TIMER.c                                  0x00000000   Number         0  timer.o ABSOLUTE
    UART.c                                   0x00000000   Number         0  uart.o ABSOLUTE
    dc.s                                     0x00000000   Number         0  dc.o ABSOLUTE
    main.c                                   0x00000000   Number         0  main.o ABSOLUTE
    system_stm32f10x.c                       0x00000000   Number         0  system_stm32f10x.o ABSOLUTE
    RESET                                    0x08000000   Section      236  startup_stm32f10x_md.o(RESET)
    !!!main                                  0x080000ec   Section        8  __main.o(!!!main)
    !!!scatter                               0x080000f4   Section       52  __scatter.o(!!!scatter)
    !!handler_zi                             0x08000128   Section       28  __scatter_zi.o(!!handler_zi)
    .ARM.Collect$$libinit$$00000000          0x08000144   Section        2  libinit.o(.ARM.Collect$$libinit$$00000000)
    .ARM.Collect$$libinit$$00000002          0x08000146   Section        0  libinit2.o(.ARM.Collect$$libinit$$00000002)
    .ARM.Collect$$libinit$$00000004          0x08000146   Section        0  libinit2.o(.ARM.Collect$$libinit$$00000004)
    .ARM.Collect$$libinit$$00000006          0x08000146   Section        0  libinit2.o(.ARM.Collect$$libinit$$00000006)
    .ARM.Collect$$libinit$$0000000C          0x08000146   Section        0  libinit2.o(.ARM.Collect$$libinit$$0000000C)
    .ARM.Collect$$libinit$$0000000E          0x08000146   Section        0  libinit2.o(.ARM.Collect$$libinit$$0000000E)
    .ARM.Collect$$libinit$$00000010          0x08000146   Section        0  libinit2.o(.ARM.Collect$$libinit$$00000010)
    .ARM.Collect$$libinit$$00000013          0x08000146   Section        0  libinit2.o(.ARM.Collect$$libinit$$00000013)
    .ARM.Collect$$libinit$$00000015          0x08000146   Section        0  libinit2.o(.ARM.Collect$$libinit$$00000015)
    .ARM.Collect$$libinit$$00000017          0x08000146   Section        0  libinit2.o(.ARM.Collect$$libinit$$00000017)
    .ARM.Collect$$libinit$$00000019          0x08000146   Section        0  libinit2.o(.ARM.Collect$$libinit$$00000019)
    .ARM.Collect$$libinit$$0000001B          0x08000146   Section        0  libinit2.o(.ARM.Collect$$libinit$$0000001B)
    .ARM.Collect$$libinit$$0000001D          0x08000146   Section        0  libinit2.o(.ARM.Collect$$libinit$$0000001D)
    .ARM.Collect$$libinit$$0000001F          0x08000146   Section        0  libinit2.o(.ARM.Collect$$libinit$$0000001F)
    .ARM.Collect$$libinit$$00000021          0x08000146   Section        0  libinit2.o(.ARM.Collect$$libinit$$00000021)
    .ARM.Collect$$libinit$$00000023          0x08000146   Section        0  libinit2.o(.ARM.Collect$$libinit$$00000023)
    .ARM.Collect$$libinit$$00000025          0x08000146   Section        0  libinit2.o(.ARM.Collect$$libinit$$00000025)
    .ARM.Collect$$libinit$$00000027          0x08000146   Section        0  libinit2.o(.ARM.Collect$$libinit$$00000027)
    .ARM.Collect$$libinit$$0000002E          0x08000146   Section        0  libinit2.o(.ARM.Collect$$libinit$$0000002E)
    .ARM.Collect$$libinit$$00000030          0x08000146   Section        0  libinit2.o(.ARM.Collect$$libinit$$00000030)
    .ARM.Collect$$libinit$$00000032          0x08000146   Section        0  libinit2.o(.ARM.Collect$$libinit$$00000032)
    .ARM.Collect$$libinit$$00000034          0x08000146   Section        0  libinit2.o(.ARM.Collect$$libinit$$00000034)
    .ARM.Collect$$libinit$$00000035          0x08000146   Section        2  libinit2.o(.ARM.Collect$$libinit$$00000035)
    .ARM.Collect$$libshutdown$$00000000      0x08000148   Section        2  libshutdown.o(.ARM.Collect$$libshutdown$$00000000)
    .ARM.Collect$$libshutdown$$00000002      0x0800014a   Section        0  libshutdown2.o(.ARM.Collect$$libshutdown$$00000002)
    .ARM.Collect$$libshutdown$$00000004      0x0800014a   Section        0  libshutdown2.o(.ARM.Collect$$libshutdown$$00000004)
    .ARM.Collect$$libshutdown$$00000007      0x0800014a   Section        0  libshutdown2.o(.ARM.Collect$$libshutdown$$00000007)
    .ARM.Collect$$libshutdown$$0000000A      0x0800014a   Section        0  libshutdown2.o(.ARM.Collect$$libshutdown$$0000000A)
    .ARM.Collect$$libshutdown$$0000000C      0x0800014a   Section        0  libshutdown2.o(.ARM.Collect$$libshutdown$$0000000C)
    .ARM.Collect$$libshutdown$$0000000F      0x0800014a   Section        0  libshutdown2.o(.ARM.Collect$$libshutdown$$0000000F)
    .ARM.Collect$$libshutdown$$00000010      0x0800014a   Section        2  libshutdown2.o(.ARM.Collect$$libshutdown$$00000010)
    .ARM.Collect$$rtentry$$00000000          0x0800014c   Section        0  __rtentry.o(.ARM.Collect$$rtentry$$00000000)
    .ARM.Collect$$rtentry$$00000002          0x0800014c   Section        0  __rtentry2.o(.ARM.Collect$$rtentry$$00000002)
    .ARM.Collect$$rtentry$$00000004          0x0800014c   Section        6  __rtentry4.o(.ARM.Collect$$rtentry$$00000004)
    .ARM.Collect$$rtentry$$00000009          0x08000152   Section        0  __rtentry2.o(.ARM.Collect$$rtentry$$00000009)
    .ARM.Collect$$rtentry$$0000000A          0x08000152   Section        4  __rtentry2.o(.ARM.Collect$$rtentry$$0000000A)
    .ARM.Collect$$rtentry$$0000000C          0x08000156   Section        0  __rtentry2.o(.ARM.Collect$$rtentry$$0000000C)
    .ARM.Collect$$rtentry$$0000000D          0x08000156   Section        8  __rtentry2.o(.ARM.Collect$$rtentry$$0000000D)
    .ARM.Collect$$rtexit$$00000000           0x0800015e   Section        2  rtexit.o(.ARM.Collect$$rtexit$$00000000)
    .ARM.Collect$$rtexit$$00000002           0x08000160   Section        0  rtexit2.o(.ARM.Collect$$rtexit$$00000002)
    .ARM.Collect$$rtexit$$00000003           0x08000160   Section        4  rtexit2.o(.ARM.Collect$$rtexit$$00000003)
    .ARM.Collect$$rtexit$$00000004           0x08000164   Section        6  rtexit2.o(.ARM.Collect$$rtexit$$00000004)
    .text                                    0x0800016c   Section       64  startup_stm32f10x_md.o(.text)
    .text                                    0x080001ac   Section        0  heapauxi.o(.text)
    .text                                    0x080001b2   Section       74  sys_stackheap_outer.o(.text)
    .text                                    0x080001fc   Section        0  exit.o(.text)
    .text                                    0x08000210   Section        8  libspace.o(.text)
    .text                                    0x08000218   Section        0  sys_exit.o(.text)
    .text                                    0x08000224   Section        2  use_no_semi.o(.text)
    .text                                    0x08000226   Section        0  indicate_semi.o(.text)
    [Anonymous Symbol]                       0x08000228   Section        0  string.o(.text.BufferClear)
    [Anonymous Symbol]                       0x0800025c   Section        0  clock.o(.text.Clock_AFIO)
    Config_Switch_Address                    0x08000295   Thumb Code    68  main_app.o(.text.Config_Switch_Address)
    [Anonymous Symbol]                       0x08000294   Section        0  main_app.o(.text.Config_Switch_Address)
    [Anonymous Symbol]                       0x080002d8   Section        0  timer.o(.text.Delay_TIM2_ms)
    [Anonymous Symbol]                       0x0800030c   Section        0  clock.o(.text.Enable_Disable_Clock_PortA)
    [Anonymous Symbol]                       0x08000344   Section        0  clock.o(.text.Enable_Disable_Clock_PortB)
    Get_Board_Address                        0x0800037d   Thumb Code   128  main_app.o(.text.Get_Board_Address)
    [Anonymous Symbol]                       0x0800037c   Section        0  main_app.o(.text.Get_Board_Address)
    [Anonymous Symbol]                       0x080003fc   Section        0  i2c.o(.text.I2C1_Check_Device)
    [Anonymous Symbol]                       0x08000450   Section        0  clock.o(.text.I2C1_EnableClock)
    [Anonymous Symbol]                       0x08000488   Section        0  i2c.o(.text.I2C1_Init)
    I2C1_Read                                0x08000539   Thumb Code   156  i2c.o(.text.I2C1_Read)
    [Anonymous Symbol]                       0x08000538   Section        0  i2c.o(.text.I2C1_Read)
    [Anonymous Symbol]                       0x080005d4   Section        0  i2c.o(.text.I2C1_ReadMultiData)
    I2C1_SendAdress                          0x08000685   Thumb Code   160  i2c.o(.text.I2C1_SendAdress)
    [Anonymous Symbol]                       0x08000684   Section        0  i2c.o(.text.I2C1_SendAdress)
    [Anonymous Symbol]                       0x08000724   Section        0  i2c.o(.text.I2C1_SendMultiData)
    I2C1_SetPin                              0x08000795   Thumb Code    58  i2c.o(.text.I2C1_SetPin)
    [Anonymous Symbol]                       0x08000794   Section        0  i2c.o(.text.I2C1_SetPin)
    I2C1_Start                               0x080007d1   Thumb Code    96  i2c.o(.text.I2C1_Start)
    [Anonymous Symbol]                       0x080007d0   Section        0  i2c.o(.text.I2C1_Start)
    I2C1_Stop                                0x08000831   Thumb Code    98  i2c.o(.text.I2C1_Stop)
    [Anonymous Symbol]                       0x08000830   Section        0  i2c.o(.text.I2C1_Stop)
    I2C1_WriteMultiData                      0x08000895   Thumb Code   298  i2c.o(.text.I2C1_WriteMultiData)
    [Anonymous Symbol]                       0x08000894   Section        0  i2c.o(.text.I2C1_WriteMultiData)
    [Anonymous Symbol]                       0x080009c0   Section        0  clock.o(.text.InitClockHSE)
    [Anonymous Symbol]                       0x08000abc   Section        0  timer.o(.text.Init_TIM2_Delay)
    LinkCharac                               0x08000b45   Thumb Code    32  main_app.o(.text.LinkCharac)
    [Anonymous Symbol]                       0x08000b44   Section        0  main_app.o(.text.LinkCharac)
    Locker_Action                            0x08000b65   Thumb Code   522  main_app.o(.text.Locker_Action)
    [Anonymous Symbol]                       0x08000b64   Section        0  main_app.o(.text.Locker_Action)
    Locker_GetState                          0x08000d71   Thumb Code    50  main_app.o(.text.Locker_GetState)
    [Anonymous Symbol]                       0x08000d70   Section        0  main_app.o(.text.Locker_GetState)
    Locker_Open                              0x08000da5   Thumb Code    86  main_app.o(.text.Locker_Open)
    [Anonymous Symbol]                       0x08000da4   Section        0  main_app.o(.text.Locker_Open)
    MAIN_INIT                                0x08000dfd   Thumb Code    78  main_app.o(.text.MAIN_INIT)
    [Anonymous Symbol]                       0x08000dfc   Section        0  main_app.o(.text.MAIN_INIT)
    [Anonymous Symbol]                       0x08000e4c   Section        0  nvic.o(.text.NVIC_ClearPendingFlag)
    [Anonymous Symbol]                       0x08000e80   Section        0  nvic.o(.text.NVIC_EnableInterrupt)
    [Anonymous Symbol]                       0x08000eb4   Section        0  nvic.o(.text.NVIC_SetPriority)
    [Anonymous Symbol]                       0x08000eec   Section        0  nvic.o(.text.NVIC_SystemReset)
    [Anonymous Symbol]                       0x08000f08   Section        0  pcf8575.o(.text.PCF8575_ReadPin)
    [Anonymous Symbol]                       0x08000fa0   Section        0  pcf8575.o(.text.PCF8575_WriteALL)
    [Anonymous Symbol]                       0x08000ff8   Section        0  pcf8575.o(.text.PCF8575_WritePin)
    RS485_Read                               0x080010e1   Thumb Code   340  main_app.o(.text.RS485_Read)
    [Anonymous Symbol]                       0x080010e0   Section        0  main_app.o(.text.RS485_Read)
    RS485_SendERR                            0x08001235   Thumb Code   140  main_app.o(.text.RS485_SendERR)
    [Anonymous Symbol]                       0x08001234   Section        0  main_app.o(.text.RS485_SendERR)
    RS485_SendState                          0x080012c1   Thumb Code   176  main_app.o(.text.RS485_SendState)
    [Anonymous Symbol]                       0x080012c0   Section        0  main_app.o(.text.RS485_SendState)
    [Anonymous Symbol]                       0x08001370   Section        0  gpio.o(.text.ReadPin)
    SetINPUT                                 0x0800146d   Thumb Code   118  gpio.o(.text.SetINPUT)
    [Anonymous Symbol]                       0x0800146c   Section        0  gpio.o(.text.SetINPUT)
    SetOUTPUT                                0x080014e5   Thumb Code   150  gpio.o(.text.SetOUTPUT)
    [Anonymous Symbol]                       0x080014e4   Section        0  gpio.o(.text.SetOUTPUT)
    [Anonymous Symbol]                       0x0800157c   Section        0  gpio.o(.text.SetPinInput)
    [Anonymous Symbol]                       0x080018e0   Section        0  gpio.o(.text.SetPinOutput)
    SetPullUpDown                            0x08001b29   Thumb Code    66  gpio.o(.text.SetPullUpDown)
    [Anonymous Symbol]                       0x08001b28   Section        0  gpio.o(.text.SetPullUpDown)
    SetSysClock                              0x08001b6d   Thumb Code     8  system_stm32f10x.o(.text.SetSysClock)
    [Anonymous Symbol]                       0x08001b6c   Section        0  system_stm32f10x.o(.text.SetSysClock)
    SetSysClockTo72                          0x08001b75   Thumb Code   290  system_stm32f10x.o(.text.SetSysClockTo72)
    [Anonymous Symbol]                       0x08001b74   Section        0  system_stm32f10x.o(.text.SetSysClockTo72)
    Setup_GPIO_PA9TX_PA10RX                  0x08001c99   Thumb Code    56  uart.o(.text.Setup_GPIO_PA9TX_PA10RX)
    [Anonymous Symbol]                       0x08001c98   Section        0  uart.o(.text.Setup_GPIO_PA9TX_PA10RX)
    [Anonymous Symbol]                       0x08001cd0   Section        0  system_stm32f10x.o(.text.SystemInit)
    [Anonymous Symbol]                       0x08001d38   Section        0  clock.o(.text.TIM2_EnableClock)
    [Anonymous Symbol]                       0x08001d70   Section        0  timer.o(.text.TIM2_IRQHandler)
    [Anonymous Symbol]                       0x08001d9c   Section        0  clock.o(.text.USART1_EnableClock)
    [Anonymous Symbol]                       0x08001dd4   Section        0  uart.o(.text.USART1_IRQHandler)
    [Anonymous Symbol]                       0x08001e38   Section        0  uart.o(.text.USART1_SendData)
    [Anonymous Symbol]                       0x08001e94   Section        0  uart.o(.text.USART1_SendMultiData)
    [Anonymous Symbol]                       0x08001ec8   Section        0  uart.o(.text.USART1_Setup)
    [Anonymous Symbol]                       0x08001f38   Section        0  main.o(.text.main)
    [Anonymous Symbol]                       0x08001f44   Section        0  main_app.o(.text.main_app)
    .bss                                     0x20000000   Section       96  libspace.o(.bss)
    Board_Address                            0x20000060   Data           1  main_app.o(.bss.Board_Address)
    [Anonymous Symbol]                       0x20000060   Section        0  main_app.o(.bss.Board_Address)
    Buffer_Action                            0x20000061   Data          10  main_app.o(.bss.Buffer_Action)
    [Anonymous Symbol]                       0x20000061   Section        0  main_app.o(.bss.Buffer_Action)
    CODE_ERROR                               0x2000006b   Data           1  main_app.o(.bss.CODE_ERROR)
    [Anonymous Symbol]                       0x2000006b   Section        0  main_app.o(.bss.CODE_ERROR)
    COUNT_ERROR                              0x2000006c   Data           1  main_app.o(.bss.COUNT_ERROR)
    [Anonymous Symbol]                       0x2000006c   Section        0  main_app.o(.bss.COUNT_ERROR)
    LOCKER_CONTROL                           0x2000006d   Data           8  main_app.o(.bss.LOCKER_CONTROL)
    [Anonymous Symbol]                       0x2000006d   Section        0  main_app.o(.bss.LOCKER_CONTROL)
    Step_Action                              0x20000075   Data           1  main_app.o(.bss.Step_Action)
    [Anonymous Symbol]                       0x20000075   Section        0  main_app.o(.bss.Step_Action)
    count                                    0x20000088   Data           4  timer.o(.bss.count)
    [Anonymous Symbol]                       0x20000088   Section        0  timer.o(.bss.count)
    Heap_Mem                                 0x20000090   Data         512  startup_stm32f10x_md.o(HEAP)
    HEAP                                     0x20000090   Section      512  startup_stm32f10x_md.o(HEAP)
    Stack_Mem                                0x20000290   Data        1024  startup_stm32f10x_md.o(STACK)
    STACK                                    0x20000290   Section     1024  startup_stm32f10x_md.o(STACK)
    __initial_sp                             0x20000690   Data           0  startup_stm32f10x_md.o(STACK)

    Global Symbols

    Symbol Name                              Value     Ov Type        Size  Object(Section)

    BuildAttributes$$THM_ISAv4$P$D$K$B$S$PE$A:L22UL41UL21$X:L11$S22US41US21$IEEE1$IW$~IW$USESV6$~STKCKD$USESV7$~SHL$OSPACE$ROPI$EBA8$UX$STANDARDLIB$REQ8$PRES8$EABIv2 0x00000000   Number         0  anon$$obj.o ABSOLUTE
    __fp_init_empty                          0x00000000   Number         0  fpinit_empty.o ABSOLUTE
    __ARM_exceptions_init                     - Undefined Weak Reference
    __alloca_initialize                       - Undefined Weak Reference
    __arm_preinit_                            - Undefined Weak Reference
    __arm_relocate_pie_                       - Undefined Weak Reference
    __cpp_initialize__aeabi_                  - Undefined Weak Reference
    __cxa_finalize                            - Undefined Weak Reference
    __rt_locale                               - Undefined Weak Reference
    __sigvec_lookup                           - Undefined Weak Reference
    _atexit_init                              - Undefined Weak Reference
    _call_atexit_fns                          - Undefined Weak Reference
    _clock_init                               - Undefined Weak Reference
    _fp_trap_init                             - Undefined Weak Reference
    _fp_trap_shutdown                         - Undefined Weak Reference
    _get_lc_collate                           - Undefined Weak Reference
    _get_lc_ctype                             - Undefined Weak Reference
    _get_lc_monetary                          - Undefined Weak Reference
    _get_lc_numeric                           - Undefined Weak Reference
    _get_lc_time                              - Undefined Weak Reference
    _getenv_init                              - Undefined Weak Reference
    _handle_redirection                       - Undefined Weak Reference
    _init_alloc                               - Undefined Weak Reference
    _init_user_alloc                          - Undefined Weak Reference
    _initio                                   - Undefined Weak Reference
    _rand_init                                - Undefined Weak Reference
    _signal_finish                            - Undefined Weak Reference
    _signal_init                              - Undefined Weak Reference
    _terminate_alloc                          - Undefined Weak Reference
    _terminate_user_alloc                     - Undefined Weak Reference
    _terminateio                              - Undefined Weak Reference
    __Vectors_Size                           0x000000ec   Number         0  startup_stm32f10x_md.o ABSOLUTE
    __Vectors                                0x08000000   Data           4  startup_stm32f10x_md.o(RESET)
    __Vectors_End                            0x080000ec   Data           0  startup_stm32f10x_md.o(RESET)
    __main                                   0x080000ed   Thumb Code     8  __main.o(!!!main)
    __scatterload                            0x080000f5   Thumb Code     0  __scatter.o(!!!scatter)
    __scatterload_rt2                        0x080000f5   Thumb Code    44  __scatter.o(!!!scatter)
    __scatterload_rt2_thumb_only             0x080000f5   Thumb Code     0  __scatter.o(!!!scatter)
    __scatterload_null                       0x08000103   Thumb Code     0  __scatter.o(!!!scatter)
    __scatterload_zeroinit                   0x08000129   Thumb Code    28  __scatter_zi.o(!!handler_zi)
    __rt_lib_init                            0x08000145   Thumb Code     0  libinit.o(.ARM.Collect$$libinit$$00000000)
    __rt_lib_init_alloca_1                   0x08000147   Thumb Code     0  libinit2.o(.ARM.Collect$$libinit$$00000030)
    __rt_lib_init_argv_1                     0x08000147   Thumb Code     0  libinit2.o(.ARM.Collect$$libinit$$0000002E)
    __rt_lib_init_atexit_1                   0x08000147   Thumb Code     0  libinit2.o(.ARM.Collect$$libinit$$0000001D)
    __rt_lib_init_clock_1                    0x08000147   Thumb Code     0  libinit2.o(.ARM.Collect$$libinit$$00000023)
    __rt_lib_init_cpp_1                      0x08000147   Thumb Code     0  libinit2.o(.ARM.Collect$$libinit$$00000034)
    __rt_lib_init_exceptions_1               0x08000147   Thumb Code     0  libinit2.o(.ARM.Collect$$libinit$$00000032)
    __rt_lib_init_fp_1                       0x08000147   Thumb Code     0  libinit2.o(.ARM.Collect$$libinit$$00000002)
    __rt_lib_init_fp_trap_1                  0x08000147   Thumb Code     0  libinit2.o(.ARM.Collect$$libinit$$00000021)
    __rt_lib_init_getenv_1                   0x08000147   Thumb Code     0  libinit2.o(.ARM.Collect$$libinit$$00000025)
    __rt_lib_init_heap_1                     0x08000147   Thumb Code     0  libinit2.o(.ARM.Collect$$libinit$$0000000C)
    __rt_lib_init_lc_collate_1               0x08000147   Thumb Code     0  libinit2.o(.ARM.Collect$$libinit$$00000013)
    __rt_lib_init_lc_ctype_1                 0x08000147   Thumb Code     0  libinit2.o(.ARM.Collect$$libinit$$00000015)
    __rt_lib_init_lc_monetary_1              0x08000147   Thumb Code     0  libinit2.o(.ARM.Collect$$libinit$$00000017)
    __rt_lib_init_lc_numeric_1               0x08000147   Thumb Code     0  libinit2.o(.ARM.Collect$$libinit$$00000019)
    __rt_lib_init_lc_time_1                  0x08000147   Thumb Code     0  libinit2.o(.ARM.Collect$$libinit$$0000001B)
    __rt_lib_init_preinit_1                  0x08000147   Thumb Code     0  libinit2.o(.ARM.Collect$$libinit$$00000006)
    __rt_lib_init_rand_1                     0x08000147   Thumb Code     0  libinit2.o(.ARM.Collect$$libinit$$00000010)
    __rt_lib_init_relocate_pie_1             0x08000147   Thumb Code     0  libinit2.o(.ARM.Collect$$libinit$$00000004)
    __rt_lib_init_return                     0x08000147   Thumb Code     0  libinit2.o(.ARM.Collect$$libinit$$00000035)
    __rt_lib_init_signal_1                   0x08000147   Thumb Code     0  libinit2.o(.ARM.Collect$$libinit$$0000001F)
    __rt_lib_init_stdio_1                    0x08000147   Thumb Code     0  libinit2.o(.ARM.Collect$$libinit$$00000027)
    __rt_lib_init_user_alloc_1               0x08000147   Thumb Code     0  libinit2.o(.ARM.Collect$$libinit$$0000000E)
    __rt_lib_shutdown                        0x08000149   Thumb Code     0  libshutdown.o(.ARM.Collect$$libshutdown$$00000000)
    __rt_lib_shutdown_cpp_1                  0x0800014b   Thumb Code     0  libshutdown2.o(.ARM.Collect$$libshutdown$$00000002)
    __rt_lib_shutdown_fp_trap_1              0x0800014b   Thumb Code     0  libshutdown2.o(.ARM.Collect$$libshutdown$$00000007)
    __rt_lib_shutdown_heap_1                 0x0800014b   Thumb Code     0  libshutdown2.o(.ARM.Collect$$libshutdown$$0000000F)
    __rt_lib_shutdown_return                 0x0800014b   Thumb Code     0  libshutdown2.o(.ARM.Collect$$libshutdown$$00000010)
    __rt_lib_shutdown_signal_1               0x0800014b   Thumb Code     0  libshutdown2.o(.ARM.Collect$$libshutdown$$0000000A)
    __rt_lib_shutdown_stdio_1                0x0800014b   Thumb Code     0  libshutdown2.o(.ARM.Collect$$libshutdown$$00000004)
    __rt_lib_shutdown_user_alloc_1           0x0800014b   Thumb Code     0  libshutdown2.o(.ARM.Collect$$libshutdown$$0000000C)
    __rt_entry                               0x0800014d   Thumb Code     0  __rtentry.o(.ARM.Collect$$rtentry$$00000000)
    __rt_entry_presh_1                       0x0800014d   Thumb Code     0  __rtentry2.o(.ARM.Collect$$rtentry$$00000002)
    __rt_entry_sh                            0x0800014d   Thumb Code     0  __rtentry4.o(.ARM.Collect$$rtentry$$00000004)
    __rt_entry_li                            0x08000153   Thumb Code     0  __rtentry2.o(.ARM.Collect$$rtentry$$0000000A)
    __rt_entry_postsh_1                      0x08000153   Thumb Code     0  __rtentry2.o(.ARM.Collect$$rtentry$$00000009)
    __rt_entry_main                          0x08000157   Thumb Code     0  __rtentry2.o(.ARM.Collect$$rtentry$$0000000D)
    __rt_entry_postli_1                      0x08000157   Thumb Code     0  __rtentry2.o(.ARM.Collect$$rtentry$$0000000C)
    __rt_exit                                0x0800015f   Thumb Code     0  rtexit.o(.ARM.Collect$$rtexit$$00000000)
    __rt_exit_ls                             0x08000161   Thumb Code     0  rtexit2.o(.ARM.Collect$$rtexit$$00000003)
    __rt_exit_prels_1                        0x08000161   Thumb Code     0  rtexit2.o(.ARM.Collect$$rtexit$$00000002)
    __rt_exit_exit                           0x08000165   Thumb Code     0  rtexit2.o(.ARM.Collect$$rtexit$$00000004)
    Reset_Handler                            0x0800016d   Thumb Code     8  startup_stm32f10x_md.o(.text)
    NMI_Handler                              0x08000175   Thumb Code     2  startup_stm32f10x_md.o(.text)
    HardFault_Handler                        0x08000177   Thumb Code     2  startup_stm32f10x_md.o(.text)
    MemManage_Handler                        0x08000179   Thumb Code     2  startup_stm32f10x_md.o(.text)
    BusFault_Handler                         0x0800017b   Thumb Code     2  startup_stm32f10x_md.o(.text)
    UsageFault_Handler                       0x0800017d   Thumb Code     2  startup_stm32f10x_md.o(.text)
    SVC_Handler                              0x0800017f   Thumb Code     2  startup_stm32f10x_md.o(.text)
    DebugMon_Handler                         0x08000181   Thumb Code     2  startup_stm32f10x_md.o(.text)
    PendSV_Handler                           0x08000183   Thumb Code     2  startup_stm32f10x_md.o(.text)
    SysTick_Handler                          0x08000185   Thumb Code     2  startup_stm32f10x_md.o(.text)
    ADC1_2_IRQHandler                        0x08000187   Thumb Code     0  startup_stm32f10x_md.o(.text)
    CAN1_RX1_IRQHandler                      0x08000187   Thumb Code     0  startup_stm32f10x_md.o(.text)
    CAN1_SCE_IRQHandler                      0x08000187   Thumb Code     0  startup_stm32f10x_md.o(.text)
    DMA1_Channel1_IRQHandler                 0x08000187   Thumb Code     0  startup_stm32f10x_md.o(.text)
    DMA1_Channel2_IRQHandler                 0x08000187   Thumb Code     0  startup_stm32f10x_md.o(.text)
    DMA1_Channel3_IRQHandler                 0x08000187   Thumb Code     0  startup_stm32f10x_md.o(.text)
    DMA1_Channel4_IRQHandler                 0x08000187   Thumb Code     0  startup_stm32f10x_md.o(.text)
    DMA1_Channel5_IRQHandler                 0x08000187   Thumb Code     0  startup_stm32f10x_md.o(.text)
    DMA1_Channel6_IRQHandler                 0x08000187   Thumb Code     0  startup_stm32f10x_md.o(.text)
    DMA1_Channel7_IRQHandler                 0x08000187   Thumb Code     0  startup_stm32f10x_md.o(.text)
    EXTI0_IRQHandler                         0x08000187   Thumb Code     0  startup_stm32f10x_md.o(.text)
    EXTI15_10_IRQHandler                     0x08000187   Thumb Code     0  startup_stm32f10x_md.o(.text)
    EXTI1_IRQHandler                         0x08000187   Thumb Code     0  startup_stm32f10x_md.o(.text)
    EXTI2_IRQHandler                         0x08000187   Thumb Code     0  startup_stm32f10x_md.o(.text)
    EXTI3_IRQHandler                         0x08000187   Thumb Code     0  startup_stm32f10x_md.o(.text)
    EXTI4_IRQHandler                         0x08000187   Thumb Code     0  startup_stm32f10x_md.o(.text)
    EXTI9_5_IRQHandler                       0x08000187   Thumb Code     0  startup_stm32f10x_md.o(.text)
    FLASH_IRQHandler                         0x08000187   Thumb Code     0  startup_stm32f10x_md.o(.text)
    I2C1_ER_IRQHandler                       0x08000187   Thumb Code     0  startup_stm32f10x_md.o(.text)
    I2C1_EV_IRQHandler                       0x08000187   Thumb Code     0  startup_stm32f10x_md.o(.text)
    I2C2_ER_IRQHandler                       0x08000187   Thumb Code     0  startup_stm32f10x_md.o(.text)
    I2C2_EV_IRQHandler                       0x08000187   Thumb Code     0  startup_stm32f10x_md.o(.text)
    PVD_IRQHandler                           0x08000187   Thumb Code     0  startup_stm32f10x_md.o(.text)
    RCC_IRQHandler                           0x08000187   Thumb Code     0  startup_stm32f10x_md.o(.text)
    RTCAlarm_IRQHandler                      0x08000187   Thumb Code     0  startup_stm32f10x_md.o(.text)
    RTC_IRQHandler                           0x08000187   Thumb Code     0  startup_stm32f10x_md.o(.text)
    SPI1_IRQHandler                          0x08000187   Thumb Code     0  startup_stm32f10x_md.o(.text)
    SPI2_IRQHandler                          0x08000187   Thumb Code     0  startup_stm32f10x_md.o(.text)
    TAMPER_IRQHandler                        0x08000187   Thumb Code     0  startup_stm32f10x_md.o(.text)
    TIM1_BRK_IRQHandler                      0x08000187   Thumb Code     0  startup_stm32f10x_md.o(.text)
    TIM1_CC_IRQHandler                       0x08000187   Thumb Code     0  startup_stm32f10x_md.o(.text)
    TIM1_TRG_COM_IRQHandler                  0x08000187   Thumb Code     0  startup_stm32f10x_md.o(.text)
    TIM1_UP_IRQHandler                       0x08000187   Thumb Code     0  startup_stm32f10x_md.o(.text)
    TIM3_IRQHandler                          0x08000187   Thumb Code     0  startup_stm32f10x_md.o(.text)
    TIM4_IRQHandler                          0x08000187   Thumb Code     0  startup_stm32f10x_md.o(.text)
    USART2_IRQHandler                        0x08000187   Thumb Code     0  startup_stm32f10x_md.o(.text)
    USART3_IRQHandler                        0x08000187   Thumb Code     0  startup_stm32f10x_md.o(.text)
    USBWakeUp_IRQHandler                     0x08000187   Thumb Code     0  startup_stm32f10x_md.o(.text)
    USB_HP_CAN1_TX_IRQHandler                0x08000187   Thumb Code     0  startup_stm32f10x_md.o(.text)
    USB_LP_CAN1_RX0_IRQHandler               0x08000187   Thumb Code     0  startup_stm32f10x_md.o(.text)
    WWDG_IRQHandler                          0x08000187   Thumb Code     0  startup_stm32f10x_md.o(.text)
    __user_initial_stackheap                 0x08000189   Thumb Code     0  startup_stm32f10x_md.o(.text)
    __use_two_region_memory                  0x080001ad   Thumb Code     2  heapauxi.o(.text)
    __rt_heap_escrow$2region                 0x080001af   Thumb Code     2  heapauxi.o(.text)
    __rt_heap_expand$2region                 0x080001b1   Thumb Code     2  heapauxi.o(.text)
    __user_setup_stackheap                   0x080001b3   Thumb Code    74  sys_stackheap_outer.o(.text)
    exit                                     0x080001fd   Thumb Code    18  exit.o(.text)
    __user_libspace                          0x08000211   Thumb Code     8  libspace.o(.text)
    __user_perproc_libspace                  0x08000211   Thumb Code     0  libspace.o(.text)
    __user_perthread_libspace                0x08000211   Thumb Code     0  libspace.o(.text)
    _sys_exit                                0x08000219   Thumb Code     8  sys_exit.o(.text)
    __I$use$semihosting                      0x08000225   Thumb Code     0  use_no_semi.o(.text)
    __use_no_semihosting_swi                 0x08000225   Thumb Code     2  use_no_semi.o(.text)
    __semihosting_library_function           0x08000227   Thumb Code     0  indicate_semi.o(.text)
    BufferClear                              0x08000229   Thumb Code    50  string.o(.text.BufferClear)
    Clock_AFIO                               0x0800025d   Thumb Code    56  clock.o(.text.Clock_AFIO)
    Delay_TIM2_ms                            0x080002d9   Thumb Code    52  timer.o(.text.Delay_TIM2_ms)
    Enable_Disable_Clock_PortA               0x0800030d   Thumb Code    56  clock.o(.text.Enable_Disable_Clock_PortA)
    Enable_Disable_Clock_PortB               0x08000345   Thumb Code    56  clock.o(.text.Enable_Disable_Clock_PortB)
    I2C1_Check_Device                        0x080003fd   Thumb Code    82  i2c.o(.text.I2C1_Check_Device)
    I2C1_EnableClock                         0x08000451   Thumb Code    56  clock.o(.text.I2C1_EnableClock)
    I2C1_Init                                0x08000489   Thumb Code   174  i2c.o(.text.I2C1_Init)
    I2C1_ReadMultiData                       0x080005d5   Thumb Code   174  i2c.o(.text.I2C1_ReadMultiData)
    I2C1_SendMultiData                       0x08000725   Thumb Code   112  i2c.o(.text.I2C1_SendMultiData)
    InitClockHSE                             0x080009c1   Thumb Code   252  clock.o(.text.InitClockHSE)
    Init_TIM2_Delay                          0x08000abd   Thumb Code   134  timer.o(.text.Init_TIM2_Delay)
    NVIC_ClearPendingFlag                    0x08000e4d   Thumb Code    50  nvic.o(.text.NVIC_ClearPendingFlag)
    NVIC_EnableInterrupt                     0x08000e81   Thumb Code    50  nvic.o(.text.NVIC_EnableInterrupt)
    NVIC_SetPriority                         0x08000eb5   Thumb Code    54  nvic.o(.text.NVIC_SetPriority)
    NVIC_SystemReset                         0x08000eed   Thumb Code    28  nvic.o(.text.NVIC_SystemReset)
    PCF8575_ReadPin                          0x08000f09   Thumb Code   150  pcf8575.o(.text.PCF8575_ReadPin)
    PCF8575_WriteALL                         0x08000fa1   Thumb Code    86  pcf8575.o(.text.PCF8575_WriteALL)
    PCF8575_WritePin                         0x08000ff9   Thumb Code   230  pcf8575.o(.text.PCF8575_WritePin)
    ReadPin                                  0x08001371   Thumb Code   252  gpio.o(.text.ReadPin)
    SetPinInput                              0x0800157d   Thumb Code   866  gpio.o(.text.SetPinInput)
    SetPinOutput                             0x080018e1   Thumb Code   582  gpio.o(.text.SetPinOutput)
    SystemInit                               0x08001cd1   Thumb Code   102  system_stm32f10x.o(.text.SystemInit)
    TIM2_EnableClock                         0x08001d39   Thumb Code    56  clock.o(.text.TIM2_EnableClock)
    TIM2_IRQHandler                          0x08001d71   Thumb Code    44  timer.o(.text.TIM2_IRQHandler)
    USART1_EnableClock                       0x08001d9d   Thumb Code    56  clock.o(.text.USART1_EnableClock)
    USART1_IRQHandler                        0x08001dd5   Thumb Code    98  uart.o(.text.USART1_IRQHandler)
    USART1_SendData                          0x08001e39   Thumb Code    90  uart.o(.text.USART1_SendData)
    USART1_SendMultiData                     0x08001e95   Thumb Code    52  uart.o(.text.USART1_SendMultiData)
    USART1_Setup                             0x08001ec9   Thumb Code   112  uart.o(.text.USART1_Setup)
    main                                     0x08001f39   Thumb Code    12  main.o(.text.main)
    main_app                                 0x08001f45   Thumb Code   102  main_app.o(.text.main_app)
    Region$$Table$$Base                      0x08001fac   Number         0  anon$$obj.o(Region$$Table)
    Region$$Table$$Limit                     0x08001fbc   Number         0  anon$$obj.o(Region$$Table)
    __libspace_start                         0x20000000   Data          96  libspace.o(.bss)
    __temporary_stack_top$libspace           0x20000060   Data           0  libspace.o(.bss)
    Tick_1us                                 0x20000078   Data           4  timer.o(.bss.Tick_1us)
    UART_BufferRead                          0x2000007c   Data          10  uart.o(.bss.UART_BufferRead)
    UART_CountRead                           0x20000086   Data           1  uart.o(.bss.UART_CountRead)



==============================================================================

Memory Map of the image

  Image Entry point : 0x080000ed

  Load Region LR_IROM1 (Base: 0x08000000, Size: 0x00001fbc, Max: 0x00010000, ABSOLUTE)

    Execution Region ER_IROM1 (Exec base: 0x08000000, Load base: 0x08000000, Size: 0x00001fbc, Max: 0x00010000, ABSOLUTE)

    Exec Addr    Load Addr    Size         Type   Attr      Idx    E Section Name        Object

    0x08000000   0x08000000   0x000000ec   Data   RO          249    RESET               startup_stm32f10x_md.o
    0x080000ec   0x080000ec   0x00000008   Code   RO          277  * !!!main             c_w.l(__main.o)
    0x080000f4   0x080000f4   0x00000034   Code   RO          442    !!!scatter          c_w.l(__scatter.o)
    0x08000128   0x08000128   0x0000001c   Code   RO          444    !!handler_zi        c_w.l(__scatter_zi.o)
    0x08000144   0x08000144   0x00000002   Code   RO          304    .ARM.Collect$$libinit$$00000000  c_w.l(libinit.o)
    0x08000146   0x08000146   0x00000000   Code   RO          311    .ARM.Collect$$libinit$$00000002  c_w.l(libinit2.o)
    0x08000146   0x08000146   0x00000000   Code   RO          313    .ARM.Collect$$libinit$$00000004  c_w.l(libinit2.o)
    0x08000146   0x08000146   0x00000000   Code   RO          315    .ARM.Collect$$libinit$$00000006  c_w.l(libinit2.o)
    0x08000146   0x08000146   0x00000000   Code   RO          318    .ARM.Collect$$libinit$$0000000C  c_w.l(libinit2.o)
    0x08000146   0x08000146   0x00000000   Code   RO          320    .ARM.Collect$$libinit$$0000000E  c_w.l(libinit2.o)
    0x08000146   0x08000146   0x00000000   Code   RO          322    .ARM.Collect$$libinit$$00000010  c_w.l(libinit2.o)
    0x08000146   0x08000146   0x00000000   Code   RO          325    .ARM.Collect$$libinit$$00000013  c_w.l(libinit2.o)
    0x08000146   0x08000146   0x00000000   Code   RO          327    .ARM.Collect$$libinit$$00000015  c_w.l(libinit2.o)
    0x08000146   0x08000146   0x00000000   Code   RO          329    .ARM.Collect$$libinit$$00000017  c_w.l(libinit2.o)
    0x08000146   0x08000146   0x00000000   Code   RO          331    .ARM.Collect$$libinit$$00000019  c_w.l(libinit2.o)
    0x08000146   0x08000146   0x00000000   Code   RO          333    .ARM.Collect$$libinit$$0000001B  c_w.l(libinit2.o)
    0x08000146   0x08000146   0x00000000   Code   RO          335    .ARM.Collect$$libinit$$0000001D  c_w.l(libinit2.o)
    0x08000146   0x08000146   0x00000000   Code   RO          337    .ARM.Collect$$libinit$$0000001F  c_w.l(libinit2.o)
    0x08000146   0x08000146   0x00000000   Code   RO          339    .ARM.Collect$$libinit$$00000021  c_w.l(libinit2.o)
    0x08000146   0x08000146   0x00000000   Code   RO          341    .ARM.Collect$$libinit$$00000023  c_w.l(libinit2.o)
    0x08000146   0x08000146   0x00000000   Code   RO          343    .ARM.Collect$$libinit$$00000025  c_w.l(libinit2.o)
    0x08000146   0x08000146   0x00000000   Code   RO          345    .ARM.Collect$$libinit$$00000027  c_w.l(libinit2.o)
    0x08000146   0x08000146   0x00000000   Code   RO          349    .ARM.Collect$$libinit$$0000002E  c_w.l(libinit2.o)
    0x08000146   0x08000146   0x00000000   Code   RO          351    .ARM.Collect$$libinit$$00000030  c_w.l(libinit2.o)
    0x08000146   0x08000146   0x00000000   Code   RO          353    .ARM.Collect$$libinit$$00000032  c_w.l(libinit2.o)
    0x08000146   0x08000146   0x00000000   Code   RO          355    .ARM.Collect$$libinit$$00000034  c_w.l(libinit2.o)
    0x08000146   0x08000146   0x00000002   Code   RO          356    .ARM.Collect$$libinit$$00000035  c_w.l(libinit2.o)
    0x08000148   0x08000148   0x00000002   Code   RO          378    .ARM.Collect$$libshutdown$$00000000  c_w.l(libshutdown.o)
    0x0800014a   0x0800014a   0x00000000   Code   RO          393    .ARM.Collect$$libshutdown$$00000002  c_w.l(libshutdown2.o)
    0x0800014a   0x0800014a   0x00000000   Code   RO          395    .ARM.Collect$$libshutdown$$00000004  c_w.l(libshutdown2.o)
    0x0800014a   0x0800014a   0x00000000   Code   RO          398    .ARM.Collect$$libshutdown$$00000007  c_w.l(libshutdown2.o)
    0x0800014a   0x0800014a   0x00000000   Code   RO          401    .ARM.Collect$$libshutdown$$0000000A  c_w.l(libshutdown2.o)
    0x0800014a   0x0800014a   0x00000000   Code   RO          403    .ARM.Collect$$libshutdown$$0000000C  c_w.l(libshutdown2.o)
    0x0800014a   0x0800014a   0x00000000   Code   RO          406    .ARM.Collect$$libshutdown$$0000000F  c_w.l(libshutdown2.o)
    0x0800014a   0x0800014a   0x00000002   Code   RO          407    .ARM.Collect$$libshutdown$$00000010  c_w.l(libshutdown2.o)
    0x0800014c   0x0800014c   0x00000000   Code   RO          279    .ARM.Collect$$rtentry$$00000000  c_w.l(__rtentry.o)
    0x0800014c   0x0800014c   0x00000000   Code   RO          281    .ARM.Collect$$rtentry$$00000002  c_w.l(__rtentry2.o)
    0x0800014c   0x0800014c   0x00000006   Code   RO          293    .ARM.Collect$$rtentry$$00000004  c_w.l(__rtentry4.o)
    0x08000152   0x08000152   0x00000000   Code   RO          283    .ARM.Collect$$rtentry$$00000009  c_w.l(__rtentry2.o)
    0x08000152   0x08000152   0x00000004   Code   RO          284    .ARM.Collect$$rtentry$$0000000A  c_w.l(__rtentry2.o)
    0x08000156   0x08000156   0x00000000   Code   RO          286    .ARM.Collect$$rtentry$$0000000C  c_w.l(__rtentry2.o)
    0x08000156   0x08000156   0x00000008   Code   RO          287    .ARM.Collect$$rtentry$$0000000D  c_w.l(__rtentry2.o)
    0x0800015e   0x0800015e   0x00000002   Code   RO          308    .ARM.Collect$$rtexit$$00000000  c_w.l(rtexit.o)
    0x08000160   0x08000160   0x00000000   Code   RO          358    .ARM.Collect$$rtexit$$00000002  c_w.l(rtexit2.o)
    0x08000160   0x08000160   0x00000004   Code   RO          359    .ARM.Collect$$rtexit$$00000003  c_w.l(rtexit2.o)
    0x08000164   0x08000164   0x00000006   Code   RO          360    .ARM.Collect$$rtexit$$00000004  c_w.l(rtexit2.o)
    0x0800016a   0x0800016a   0x00000002   PAD
    0x0800016c   0x0800016c   0x00000040   Code   RO          250    .text               startup_stm32f10x_md.o
    0x080001ac   0x080001ac   0x00000006   Code   RO          275    .text               c_w.l(heapauxi.o)
    0x080001b2   0x080001b2   0x0000004a   Code   RO          295    .text               c_w.l(sys_stackheap_outer.o)
    0x080001fc   0x080001fc   0x00000012   Code   RO          297    .text               c_w.l(exit.o)
    0x0800020e   0x0800020e   0x00000002   PAD
    0x08000210   0x08000210   0x00000008   Code   RO          305    .text               c_w.l(libspace.o)
    0x08000218   0x08000218   0x0000000c   Code   RO          368    .text               c_w.l(sys_exit.o)
    0x08000224   0x08000224   0x00000002   Code   RO          383    .text               c_w.l(use_no_semi.o)
    0x08000226   0x08000226   0x00000000   Code   RO          385    .text               c_w.l(indicate_semi.o)
    0x08000226   0x08000226   0x00000002   PAD
    0x08000228   0x08000228   0x00000032   Code   RO          239    .text.BufferClear   string.o
    0x0800025a   0x0800025a   0x00000002   PAD
    0x0800025c   0x0800025c   0x00000038   Code   RO          162    .text.Clock_AFIO    clock.o
    0x08000294   0x08000294   0x00000044   Code   RO           81    .text.Config_Switch_Address  main_app.o
    0x080002d8   0x080002d8   0x00000034   Code   RO          197    .text.Delay_TIM2_ms  timer.o
    0x0800030c   0x0800030c   0x00000038   Code   RO          148    .text.Enable_Disable_Clock_PortA  clock.o
    0x08000344   0x08000344   0x00000038   Code   RO          150    .text.Enable_Disable_Clock_PortB  clock.o
    0x0800037c   0x0800037c   0x00000080   Code   RO           75    .text.Get_Board_Address  main_app.o
    0x080003fc   0x080003fc   0x00000052   Code   RO            6    .text.I2C1_Check_Device  i2c.o
    0x0800044e   0x0800044e   0x00000002   PAD
    0x08000450   0x08000450   0x00000038   Code   RO          170    .text.I2C1_EnableClock  clock.o
    0x08000488   0x08000488   0x000000ae   Code   RO            2    .text.I2C1_Init     i2c.o
    0x08000536   0x08000536   0x00000002   PAD
    0x08000538   0x08000538   0x0000009c   Code   RO           24    .text.I2C1_Read     i2c.o
    0x080005d4   0x080005d4   0x000000ae   Code   RO           26    .text.I2C1_ReadMultiData  i2c.o
    0x08000682   0x08000682   0x00000002   PAD
    0x08000684   0x08000684   0x000000a0   Code   RO           10    .text.I2C1_SendAdress  i2c.o
    0x08000724   0x08000724   0x00000070   Code   RO           18    .text.I2C1_SendMultiData  i2c.o
    0x08000794   0x08000794   0x0000003a   Code   RO            4    .text.I2C1_SetPin   i2c.o
    0x080007ce   0x080007ce   0x00000002   PAD
    0x080007d0   0x080007d0   0x00000060   Code   RO            8    .text.I2C1_Start    i2c.o
    0x08000830   0x08000830   0x00000062   Code   RO           12    .text.I2C1_Stop     i2c.o
    0x08000892   0x08000892   0x00000002   PAD
    0x08000894   0x08000894   0x0000012a   Code   RO           20    .text.I2C1_WriteMultiData  i2c.o
    0x080009be   0x080009be   0x00000002   PAD
    0x080009c0   0x080009c0   0x000000fc   Code   RO          146    .text.InitClockHSE  clock.o
    0x08000abc   0x08000abc   0x00000086   Code   RO          195    .text.Init_TIM2_Delay  timer.o
    0x08000b42   0x08000b42   0x00000002   PAD
    0x08000b44   0x08000b44   0x00000020   Code   RO           91    .text.LinkCharac    main_app.o
    0x08000b64   0x08000b64   0x0000020a   Code   RO           79    .text.Locker_Action  main_app.o
    0x08000d6e   0x08000d6e   0x00000002   PAD
    0x08000d70   0x08000d70   0x00000032   Code   RO           87    .text.Locker_GetState  main_app.o
    0x08000da2   0x08000da2   0x00000002   PAD
    0x08000da4   0x08000da4   0x00000056   Code   RO           85    .text.Locker_Open   main_app.o
    0x08000dfa   0x08000dfa   0x00000002   PAD
    0x08000dfc   0x08000dfc   0x0000004e   Code   RO           73    .text.MAIN_INIT     main_app.o
    0x08000e4a   0x08000e4a   0x00000002   PAD
    0x08000e4c   0x08000e4c   0x00000032   Code   RO          216    .text.NVIC_ClearPendingFlag  nvic.o
    0x08000e7e   0x08000e7e   0x00000002   PAD
    0x08000e80   0x08000e80   0x00000032   Code   RO          212    .text.NVIC_EnableInterrupt  nvic.o
    0x08000eb2   0x08000eb2   0x00000002   PAD
    0x08000eb4   0x08000eb4   0x00000036   Code   RO          218    .text.NVIC_SetPriority  nvic.o
    0x08000eea   0x08000eea   0x00000002   PAD
    0x08000eec   0x08000eec   0x0000001c   Code   RO          220    .text.NVIC_SystemReset  nvic.o
    0x08000f08   0x08000f08   0x00000096   Code   RO           62    .text.PCF8575_ReadPin  pcf8575.o
    0x08000f9e   0x08000f9e   0x00000002   PAD
    0x08000fa0   0x08000fa0   0x00000056   Code   RO           60    .text.PCF8575_WriteALL  pcf8575.o
    0x08000ff6   0x08000ff6   0x00000002   PAD
    0x08000ff8   0x08000ff8   0x000000e6   Code   RO           58    .text.PCF8575_WritePin  pcf8575.o
    0x080010de   0x080010de   0x00000002   PAD
    0x080010e0   0x080010e0   0x00000154   Code   RO           83    .text.RS485_Read    main_app.o
    0x08001234   0x08001234   0x0000008c   Code   RO           77    .text.RS485_SendERR  main_app.o
    0x080012c0   0x080012c0   0x000000b0   Code   RO           89    .text.RS485_SendState  main_app.o
    0x08001370   0x08001370   0x000000fc   Code   RO          127    .text.ReadPin       gpio.o
    0x0800146c   0x0800146c   0x00000076   Code   RO          117    .text.SetINPUT      gpio.o
    0x080014e2   0x080014e2   0x00000002   PAD
    0x080014e4   0x080014e4   0x00000096   Code   RO          123    .text.SetOUTPUT     gpio.o
    0x0800157a   0x0800157a   0x00000002   PAD
    0x0800157c   0x0800157c   0x00000362   Code   RO          115    .text.SetPinInput   gpio.o
    0x080018de   0x080018de   0x00000002   PAD
    0x080018e0   0x080018e0   0x00000246   Code   RO          121    .text.SetPinOutput  gpio.o
    0x08001b26   0x08001b26   0x00000002   PAD
    0x08001b28   0x08001b28   0x00000042   Code   RO          119    .text.SetPullUpDown  gpio.o
    0x08001b6a   0x08001b6a   0x00000002   PAD
    0x08001b6c   0x08001b6c   0x00000008   Code   RO          259    .text.SetSysClock   system_stm32f10x.o
    0x08001b74   0x08001b74   0x00000122   Code   RO          263    .text.SetSysClockTo72  system_stm32f10x.o
    0x08001c96   0x08001c96   0x00000002   PAD
    0x08001c98   0x08001c98   0x00000038   Code   RO           45    .text.Setup_GPIO_PA9TX_PA10RX  uart.o
    0x08001cd0   0x08001cd0   0x00000066   Code   RO          257    .text.SystemInit    system_stm32f10x.o
    0x08001d36   0x08001d36   0x00000002   PAD
    0x08001d38   0x08001d38   0x00000038   Code   RO          166    .text.TIM2_EnableClock  clock.o
    0x08001d70   0x08001d70   0x0000002c   Code   RO          201    .text.TIM2_IRQHandler  timer.o
    0x08001d9c   0x08001d9c   0x00000038   Code   RO          174    .text.USART1_EnableClock  clock.o
    0x08001dd4   0x08001dd4   0x00000062   Code   RO           47    .text.USART1_IRQHandler  uart.o
    0x08001e36   0x08001e36   0x00000002   PAD
    0x08001e38   0x08001e38   0x0000005a   Code   RO           39    .text.USART1_SendData  uart.o
    0x08001e92   0x08001e92   0x00000002   PAD
    0x08001e94   0x08001e94   0x00000034   Code   RO           41    .text.USART1_SendMultiData  uart.o
    0x08001ec8   0x08001ec8   0x00000070   Code   RO           43    .text.USART1_Setup  uart.o
    0x08001f38   0x08001f38   0x0000000c   Code   RO          106    .text.main          main.o
    0x08001f44   0x08001f44   0x00000066   Code   RO           71    .text.main_app      main_app.o
    0x08001faa   0x08001faa   0x00000002   PAD
    0x08001fac   0x08001fac   0x00000010   Data   RO          441    Region$$Table       anon$$obj.o


    Execution Region RW_IRAM1 (Exec base: 0x20000000, Load base: 0x08001fbc, Size: 0x00000690, Max: 0x00005000, ABSOLUTE)

    Exec Addr    Load Addr    Size         Type   Attr      Idx    E Section Name        Object

    0x20000000        -       0x00000060   Zero   RW          306    .bss                c_w.l(libspace.o)
    0x20000060        -       0x00000001   Zero   RW           94    .bss.Board_Address  main_app.o
    0x20000061        -       0x0000000a   Zero   RW           96    .bss.Buffer_Action  main_app.o
    0x2000006b        -       0x00000001   Zero   RW           97    .bss.CODE_ERROR     main_app.o
    0x2000006c        -       0x00000001   Zero   RW           98    .bss.COUNT_ERROR    main_app.o
    0x2000006d        -       0x00000008   Zero   RW           93    .bss.LOCKER_CONTROL  main_app.o
    0x20000075        -       0x00000001   Zero   RW           95    .bss.Step_Action    main_app.o
    0x20000076   0x08001fbc   0x00000002   PAD
    0x20000078        -       0x00000004   Zero   RW          203    .bss.Tick_1us       timer.o
    0x2000007c        -       0x0000000a   Zero   RW           50    .bss.UART_BufferRead  uart.o
    0x20000086        -       0x00000001   Zero   RW           49    .bss.UART_CountRead  uart.o
    0x20000087   0x08001fbc   0x00000001   PAD
    0x20000088        -       0x00000004   Zero   RW          204    .bss.count          timer.o
    0x2000008c   0x08001fbc   0x00000004   PAD
    0x20000090        -       0x00000200   Zero   RW          248    HEAP                startup_stm32f10x_md.o
    0x20000290        -       0x00000400   Zero   RW          247    STACK               startup_stm32f10x_md.o


==============================================================================

Image component sizes


      Code (inc. data)   RO Data    RW Data    ZI Data      Debug   Object Name

       588          0          0          0          0       3653   clock.o
      2034          0          0          0          0       4693   gpio.o
      1408          0          0          0          0       5720   i2c.o
        12          0          0          0          0        347   main.o
      1722          6          0          0         22       3665   main_app.o
       182          0          0          0          0       2991   nvic.o
       466          0          0          0          0       1487   pcf8575.o
        64         26        236          0       1536        828   startup_stm32f10x_md.o
        50          0          0          0          0       1529   string.o
       400          0          0          0          0       2850   system_stm32f10x.o
       230          0          0          0          8       3174   timer.o
       408          0          0          0         11       3373   uart.o

    ----------------------------------------------------------------------
      7620         32        252          0       1584      34310   Object Totals
         0          0         16          0          0          0   (incl. Generated)
        56          0          0          0          7          0   (incl. Padding)

    ----------------------------------------------------------------------

      Code (inc. data)   RO Data    RW Data    ZI Data      Debug   Library Member Name

         8          0          0          0          0         68   __main.o
         0          0          0          0          0          0   __rtentry.o
        12          0          0          0          0          0   __rtentry2.o
         6          0          0          0          0          0   __rtentry4.o
        52          8          0          0          0          0   __scatter.o
        28          0          0          0          0          0   __scatter_zi.o
        18          0          0          0          0         80   exit.o
         6          0          0          0          0        152   heapauxi.o
         0          0          0          0          0          0   indicate_semi.o
         2          0          0          0          0          0   libinit.o
         2          0          0          0          0          0   libinit2.o
         2          0          0          0          0          0   libshutdown.o
         2          0          0          0          0          0   libshutdown2.o
         8          4          0          0         96         68   libspace.o
         2          0          0          0          0          0   rtexit.o
        10          0          0          0          0          0   rtexit2.o
        12          4          0          0          0         68   sys_exit.o
        74          0          0          0          0         80   sys_stackheap_outer.o
         2          0          0          0          0         68   use_no_semi.o

    ----------------------------------------------------------------------
       252         16          0          0         96        584   Library Totals
         6          0          0          0          0          0   (incl. Padding)

    ----------------------------------------------------------------------

      Code (inc. data)   RO Data    RW Data    ZI Data      Debug   Library Name

       246         16          0          0         96        584   c_w.l

    ----------------------------------------------------------------------
       252         16          0          0         96        584   Library Totals

    ----------------------------------------------------------------------

==============================================================================


      Code (inc. data)   RO Data    RW Data    ZI Data      Debug   

      7872         48        252          0       1680      34518   Grand Totals
      7872         48        252          0       1680      34518   ELF Image Totals
      7872         48        252          0          0          0   ROM Totals

==============================================================================

    Total RO  Size (Code + RO Data)                 8124 (   7.93kB)
    Total RW  Size (RW Data + ZI Data)              1680 (   1.64kB)
    Total ROM Size (Code + RO Data + RW Data)       8124 (   7.93kB)

==============================================================================

